Component: ARM Compiler 5.06 update 5 (build 528) Tool: armlink [4d35e2]

==============================================================================

Section Cross References

    startup_stm32f103xb.o(STACK) refers (Special) to heapauxi.o(.text) for __use_two_region_memory
    startup_stm32f103xb.o(HEAP) refers (Special) to heapauxi.o(.text) for __use_two_region_memory
    startup_stm32f103xb.o(RESET) refers (Special) to heapauxi.o(.text) for __use_two_region_memory
    startup_stm32f103xb.o(RESET) refers to startup_stm32f103xb.o(STACK) for __initial_sp
    startup_stm32f103xb.o(RESET) refers to startup_stm32f103xb.o(.text) for Reset_Handler
    startup_stm32f103xb.o(RESET) refers to stm32f1xx_it.o(i.NMI_Handler) for NMI_Handler
    startup_stm32f103xb.o(RESET) refers to stm32f1xx_it.o(i.HardFault_Handler) for HardFault_Handler
    startup_stm32f103xb.o(RESET) refers to stm32f1xx_it.o(i.MemManage_Handler) for MemManage_Handler
    startup_stm32f103xb.o(RESET) refers to stm32f1xx_it.o(i.BusFault_Handler) for BusFault_Handler
    startup_stm32f103xb.o(RESET) refers to stm32f1xx_it.o(i.UsageFault_Handler) for UsageFault_Handler
    startup_stm32f103xb.o(RESET) refers to stm32f1xx_it.o(i.SVC_Handler) for SVC_Handler
    startup_stm32f103xb.o(RESET) refers to stm32f1xx_it.o(i.DebugMon_Handler) for DebugMon_Handler
    startup_stm32f103xb.o(RESET) refers to stm32f1xx_it.o(i.PendSV_Handler) for PendSV_Handler
    startup_stm32f103xb.o(RESET) refers to stm32f1xx_it.o(i.SysTick_Handler) for SysTick_Handler
    startup_stm32f103xb.o(RESET) refers to stm32f1xx_it.o(i.DMA1_Channel4_IRQHandler) for DMA1_Channel4_IRQHandler
    startup_stm32f103xb.o(RESET) refers to stm32f1xx_it.o(i.DMA1_Channel5_IRQHandler) for DMA1_Channel5_IRQHandler
    startup_stm32f103xb.o(RESET) refers to stm32f1xx_it.o(i.TIM3_IRQHandler) for TIM3_IRQHandler
    startup_stm32f103xb.o(RESET) refers to stm32f1xx_it.o(i.USART1_IRQHandler) for USART1_IRQHandler
    startup_stm32f103xb.o(.text) refers (Special) to heapauxi.o(.text) for __use_two_region_memory
    startup_stm32f103xb.o(.text) refers to system_stm32f1xx.o(i.SystemInit) for SystemInit
    startup_stm32f103xb.o(.text) refers to __main.o(!!!main) for __main
    startup_stm32f103xb.o(.text) refers to startup_stm32f103xb.o(HEAP) for Heap_Mem
    startup_stm32f103xb.o(.text) refers to startup_stm32f103xb.o(STACK) for Stack_Mem
    main.o(i.HAL_TIM_PeriodElapsedCallback) refers to stm32f1xx_hal_gpio.o(i.HAL_GPIO_WritePin) for HAL_GPIO_WritePin
    main.o(i.HAL_TIM_PeriodElapsedCallback) refers to main.o(.data) for count
    main.o(i.HAL_TIM_PeriodElapsedCallback) refers to tim.o(.bss) for htim3
    main.o(i.SystemClock_Config) refers to rt_memclr_w.o(.text) for __aeabi_memclr4
    main.o(i.SystemClock_Config) refers to stm32f1xx_hal_rcc.o(i.HAL_RCC_OscConfig) for HAL_RCC_OscConfig
    main.o(i.SystemClock_Config) refers to main.o(i.Error_Handler) for Error_Handler
    main.o(i.SystemClock_Config) refers to stm32f1xx_hal_rcc.o(i.HAL_RCC_ClockConfig) for HAL_RCC_ClockConfig
    main.o(i.main) refers to stm32f1xx_hal.o(i.HAL_Init) for HAL_Init
    main.o(i.main) refers to main.o(i.SystemClock_Config) for SystemClock_Config
    main.o(i.main) refers to gpio.o(i.MX_GPIO_Init) for MX_GPIO_Init
    main.o(i.main) refers to dma.o(i.MX_DMA_Init) for MX_DMA_Init
    main.o(i.main) refers to tim.o(i.MX_TIM3_Init) for MX_TIM3_Init
    main.o(i.main) refers to usart.o(i.MX_USART1_UART_Init) for MX_USART1_UART_Init
    main.o(i.main) refers to stm32f1xx_hal_tim.o(i.HAL_TIM_Base_Init) for HAL_TIM_Base_Init
    main.o(i.main) refers to stm32f1xx_hal_tim.o(i.HAL_TIM_Base_Start_IT) for HAL_TIM_Base_Start_IT
    main.o(i.main) refers to stm32f1xx_hal_uart.o(i.HAL_UART_Receive_DMA) for HAL_UART_Receive_DMA
    main.o(i.main) refers to stm32f1xx_hal_gpio.o(i.HAL_GPIO_TogglePin) for HAL_GPIO_TogglePin
    main.o(i.main) refers to stm32f1xx_hal.o(i.HAL_Delay) for HAL_Delay
    main.o(i.main) refers to count_theta.o(i.thetacount) for thetacount
    main.o(i.main) refers to dmul.o(x$fpl$dmul) for __aeabi_dmul
    main.o(i.main) refers to ddiv.o(x$fpl$ddiv) for __aeabi_ddiv
    main.o(i.main) refers to daddsub_clz.o(x$fpl$dadd) for __aeabi_dadd
    main.o(i.main) refers to dfixu.o(x$fpl$dfixu) for __aeabi_d2uiz
    main.o(i.main) refers to duoji.o(i.control_duoji) for control_duoji
    main.o(i.main) refers to tim.o(.bss) for htim3
    main.o(i.main) refers to usart.o(.bss) for huart1
    main.o(i.main) refers to main.o(.bss) for USART1_RxBuffer
    main.o(i.main) refers to main.o(.data) for Usart_RxFlag
    gpio.o(i.MX_GPIO_Init) refers to stm32f1xx_hal_gpio.o(i.HAL_GPIO_WritePin) for HAL_GPIO_WritePin
    gpio.o(i.MX_GPIO_Init) refers to stm32f1xx_hal_gpio.o(i.HAL_GPIO_Init) for HAL_GPIO_Init
    dma.o(i.MX_DMA_Init) refers to stm32f1xx_hal_cortex.o(i.HAL_NVIC_SetPriority) for HAL_NVIC_SetPriority
    dma.o(i.MX_DMA_Init) refers to stm32f1xx_hal_cortex.o(i.HAL_NVIC_EnableIRQ) for HAL_NVIC_EnableIRQ
[...]
    .ARM.Collect$$libinit$$00000019          0x0800017c   Section        0  libinit2.o(.ARM.Collect$$libinit$$00000019)
    .ARM.Collect$$libinit$$0000001B          0x0800017c   Section        0  libinit2.o(.ARM.Collect$$libinit$$0000001B)
    .ARM.Collect$$libinit$$0000001D          0x0800017c   Section        0  libinit2.o(.ARM.Collect$$libinit$$0000001D)
    .ARM.Collect$$libinit$$0000001F          0x0800017c   Section        0  libinit2.o(.ARM.Collect$$libinit$$0000001F)
    .ARM.Collect$$libinit$$00000021          0x0800017c   Section        0  libinit2.o(.ARM.Collect$$libinit$$00000021)
    .ARM.Collect$$libinit$$00000023          0x0800017c   Section        0  libinit2.o(.ARM.Collect$$libinit$$00000023)
    .ARM.Collect$$libinit$$00000025          0x0800017c   Section        0  libinit2.o(.ARM.Collect$$libinit$$00000025)
    .ARM.Collect$$libinit$$0000002C          0x0800017c   Section        0  libinit2.o(.ARM.Collect$$libinit$$0000002C)
    .ARM.Collect$$libinit$$0000002E          0x0800017c   Section        0  libinit2.o(.ARM.Collect$$libinit$$0000002E)
    .ARM.Collect$$libinit$$00000030          0x0800017c   Section        0  libinit2.o(.ARM.Collect$$libinit$$00000030)
    .ARM.Collect$$libinit$$00000032          0x0800017c   Section        0  libinit2.o(.ARM.Collect$$libinit$$00000032)
    .ARM.Collect$$libinit$$00000033          0x0800017c   Section        2  libinit2.o(.ARM.Collect$$libinit$$00000033)
    .ARM.Collect$$libshutdown$$00000000      0x0800017e   Section        2  libshutdown.o(.ARM.Collect$$libshutdown$$00000000)
    .ARM.Collect$$libshutdown$$00000002      0x08000180   Section        0  libshutdown2.o(.ARM.Collect$$libshutdown$$00000002)
    .ARM.Collect$$libshutdown$$00000004      0x08000180   Section        0  libshutdown2.o(.ARM.Collect$$libshutdown$$00000004)
    .ARM.Collect$$libshutdown$$00000007      0x08000180   Section        0  libshutdown2.o(.ARM.Collect$$libshutdown$$00000007)
    .ARM.Collect$$libshutdown$$0000000A      0x08000180   Section        0  libshutdown2.o(.ARM.Collect$$libshutdown$$0000000A)
    .ARM.Collect$$libshutdown$$0000000C      0x08000180   Section        0  libshutdown2.o(.ARM.Collect$$libshutdown$$0000000C)
    .ARM.Collect$$libshutdown$$0000000F      0x08000180   Section        0  libshutdown2.o(.ARM.Collect$$libshutdown$$0000000F)
    .ARM.Collect$$libshutdown$$00000010      0x08000180   Section        2  libshutdown2.o(.ARM.Collect$$libshutdown$$00000010)
    .ARM.Collect$$rtentry$$00000000          0x08000182   Section        0  __rtentry.o(.ARM.Collect$$rtentry$$00000000)
    .ARM.Collect$$rtentry$$00000002          0x08000182   Section        0  __rtentry2.o(.ARM.Collect$$rtentry$$00000002)
    .ARM.Collect$$rtentry$$00000004          0x08000182   Section        6  __rtentry4.o(.ARM.Collect$$rtentry$$00000004)
    .ARM.Collect$$rtentry$$00000009          0x08000188   Section        0  __rtentry2.o(.ARM.Collect$$rtentry$$00000009)
    .ARM.Collect$$rtentry$$0000000A          0x08000188   Section        4  __rtentry2.o(.ARM.Collect$$rtentry$$0000000A)
    .ARM.Collect$$rtentry$$0000000C          0x0800018c   Section        0  __rtentry2.o(.ARM.Collect$$rtentry$$0000000C)
    .ARM.Collect$$rtentry$$0000000D          0x0800018c   Section        8  __rtentry2.o(.ARM.Collect$$rtentry$$0000000D)
    .ARM.Collect$$rtexit$$00000000           0x08000194   Section        2  rtexit.o(.ARM.Collect$$rtexit$$00000000)
    .ARM.Collect$$rtexit$$00000002           0x08000196   Section        0  rtexit2.o(.ARM.Collect$$rtexit$$00000002)
    .ARM.Collect$$rtexit$$00000003           0x08000196   Section        4  rtexit2.o(.ARM.Collect$$rtexit$$00000003)
    .ARM.Collect$$rtexit$$00000004           0x0800019a   Section        6  rtexit2.o(.ARM.Collect$$rtexit$$00000004)
    .text                                    0x080001a0   Section       64  startup_stm32f103xb.o(.text)
    .text                                    0x080001e0   Section        2  use_no_semi_2.o(.text)
    .text                                    0x080001e4   Section        0  noretval__2printf.o(.text)
    .text                                    0x080001fc   Section        0  __printf.o(.text)
    .text                                    0x08000264   Section       78  rt_memclr_w.o(.text)
    .text                                    0x080002b2   Section        0  heapauxi.o(.text)
    .text                                    0x080002b8   Section        2  use_no_semi.o(.text)
    .text                                    0x080002ba   Section        0  _rserrno.o(.text)
    .text                                    0x080002d0   Section        0  _printf_fp_dec.o(.text)
    _fp_digits                               0x080002d3   Thumb Code   432  _printf_fp_dec.o(.text)
    .text                                    0x080006f0   Section        0  _printf_char_file.o(.text)
    .text                                    0x08000714   Section        8  rt_locale_intlibspace.o(.text)
    .text                                    0x0800071c   Section        8  rt_errno_addr_intlibspace.o(.text)
    .text                                    0x08000724   Section      138  lludiv10.o(.text)
    .text                                    0x080007b0   Section        0  _printf_char_common.o(.text)
    _printf_input_char                       0x080007b1   Thumb Code    10  _printf_char_common.o(.text)
    .text                                    0x080007e0   Section        0  _printf_fp_infnan.o(.text)
    .text                                    0x08000860   Section        0  bigflt0.o(.text)
    .text                                    0x08000944   Section        0  ferror.o(.text)
    .text                                    0x0800094c   Section        8  libspace.o(.text)
    .text                                    0x08000954   Section       74  sys_stackheap_outer.o(.text)
    .text                                    0x0800099e   Section        0  exit.o(.text)
    .text                                    0x080009b0   Section      128  strcmpv7m.o(.text)
    CL$$btod_d2e                             0x08000a30   Section       62  btod.o(CL$$btod_d2e)
    CL$$btod_d2e_denorm_low                  0x08000a6e   Section       70  btod.o(CL$$btod_d2e_denorm_low)
    CL$$btod_d2e_norm_op1                    0x08000ab4   Section       96  btod.o(CL$$btod_d2e_norm_op1)
    CL$$btod_div_common                      0x08000b14   Section      824  btod.o(CL$$btod_div_common)
    CL$$btod_e2e                             0x08000e4c   Section      220  btod.o(CL$$btod_e2e)
    CL$$btod_ediv                            0x08000f28   Section       42  btod.o(CL$$btod_ediv)
    CL$$btod_emul                            0x08000f52   Section       42  btod.o(CL$$btod_emul)
    CL$$btod_mult_common                     0x08000f7c   Section      580  btod.o(CL$$btod_mult_common)
    i.BusFault_Handler                       0x080011c0   Section        0  stm32f1xx_it.o(i.BusFault_Handler)
    i.DMA1_Channel4_IRQHandler               0x080011c4   Section        0  stm32f1xx_it.o(i.DMA1_Channel4_IRQHandler)
    i.DMA1_Channel5_IRQHandler               0x080011d4   Section        0  stm32f1xx_it.o(i.DMA1_Channel5_IRQHandler)
    i.DMA_SetConfig                          0x080011e4   Section        0  stm32f1xx_hal_dma.o(i.DMA_SetConfig)
    DMA_SetConfig                            0x080011e5   Thumb Code    44  stm32f1xx_hal_dma.o(i.DMA_SetConfig)
    i.DebugMon_Handler                       0x08001210   Section        0  stm32f1xx_it.o(i.DebugMon_Handler)
    i.Error_Handler                          0x08001212   Section        0  main.o(i.Error_Handler)
    i.HAL_DMA_Abort                          0x08001218   Section        0  stm32f1xx_hal_dma.o(i.HAL_DMA_Abort)
    i.HAL_DMA_Abort_IT                       0x08001270   Section        0  stm32f1xx_hal_dma.o(i.HAL_DMA_Abort_IT)
    i.HAL_DMA_IRQHandler                     0x08001320   Section        0  stm32f1xx_hal_dma.o(i.HAL_DMA_IRQHandler)
    i.HAL_DMA_Init                           0x080014bc   Section        0  stm32f1xx_hal_dma.o(i.HAL_DMA_Init)
    i.HAL_DMA_Start_IT                       0x08001524   Section        0  stm32f1xx_hal_dma.o(i.HAL_DMA_Start_IT)
    i.HAL_Delay                              0x080015c0   Section        0  stm32f1xx_hal.o(i.HAL_Delay)
    i.HAL_GPIO_Init                          0x080015e8   Section        0  stm32f1xx_hal_gpio.o(i.HAL_GPIO_Init)
    i.HAL_GPIO_TogglePin                     0x08001908   Section        0  stm32f1xx_hal_gpio.o(i.HAL_GPIO_TogglePin)
    i.HAL_GPIO_WritePin                      0x0800191c   Section        0  stm32f1xx_hal_gpio.o(i.HAL_GPIO_WritePin)
    i.HAL_GetTick                            0x08001928   Section        0  stm32f1xx_hal.o(i.HAL_GetTick)
    i.HAL_IncTick                            0x08001934   Section        0  stm32f1xx_hal.o(i.HAL_IncTick)
    i.HAL_Init                               0x0800194c   Section        0  stm32f1xx_hal.o(i.HAL_Init)
    i.HAL_InitTick                           0x08001974   Section        0  stm32f1xx_hal.o(i.HAL_InitTick)
    i.HAL_MspInit                            0x080019c0   Section        0  stm32f1xx_hal_msp.o(i.HAL_MspInit)
    i.HAL_NVIC_EnableIRQ                     0x08001a14   Section        0  stm32f1xx_hal_cortex.o(i.HAL_NVIC_EnableIRQ)
    i.HAL_NVIC_SetPriority                   0x08001a34   Section        0  stm32f1xx_hal_cortex.o(i.HAL_NVIC_SetPriority)
    i.HAL_NVIC_SetPriorityGrouping           0x08001ab0   Section        0  stm32f1xx_hal_cortex.o(i.HAL_NVIC_SetPriorityGrouping)
    i.HAL_RCC_ClockConfig                    0x08001ad8   Section        0  stm32f1xx_hal_rcc.o(i.HAL_RCC_ClockConfig)
    i.HAL_RCC_GetHCLKFreq                    0x08001c64   Section        0  stm32f1xx_hal_rcc.o(i.HAL_RCC_GetHCLKFreq)
    i.HAL_RCC_GetPCLK1Freq                   0x08001c70   Section        0  stm32f1xx_hal_rcc.o(i.HAL_RCC_GetPCLK1Freq)
    i.HAL_RCC_GetPCLK2Freq                   0x08001c90   Section        0  stm32f1xx_hal_rcc.o(i.HAL_RCC_GetPCLK2Freq)
    i.HAL_RCC_GetSysClockFreq                0x08001cb0   Section        0  stm32f1xx_hal_rcc.o(i.HAL_RCC_GetSysClockFreq)
    i.HAL_RCC_OscConfig                      0x08001d20   Section        0  stm32f1xx_hal_rcc.o(i.HAL_RCC_OscConfig)
    i.HAL_SYSTICK_Config                     0x08002184   Section        0  stm32f1xx_hal_cortex.o(i.HAL_SYSTICK_Config)
    i.HAL_TIMEx_BreakCallback                0x080021b8   Section        0  stm32f1xx_hal_tim_ex.o(i.HAL_TIMEx_BreakCallback)
    i.HAL_TIMEx_CommutCallback               0x080021ba   Section        0  stm32f1xx_hal_tim_ex.o(i.HAL_TIMEx_CommutCallback)
    i.HAL_TIMEx_MasterConfigSynchronization  0x080021bc   Section        0  stm32f1xx_hal_tim_ex.o(i.HAL_TIMEx_MasterConfigSynchronization)
    i.HAL_TIM_Base_Init                      0x08002240   Section        0  stm32f1xx_hal_tim.o(i.HAL_TIM_Base_Init)
    i.HAL_TIM_Base_MspInit                   0x080022a8   Section        0  tim.o(i.HAL_TIM_Base_MspInit)
    i.HAL_TIM_Base_Start_IT                  0x080022ec   Section        0  stm32f1xx_hal_tim.o(i.HAL_TIM_Base_Start_IT)
    i.HAL_TIM_ConfigClockSource              0x08002364   Section        0  stm32f1xx_hal_tim.o(i.HAL_TIM_ConfigClockSource)
    i.HAL_TIM_IC_CaptureCallback             0x08002470   Section        0  stm32f1xx_hal_tim.o(i.HAL_TIM_IC_CaptureCallback)
    i.HAL_TIM_IRQHandler                     0x08002472   Section        0  stm32f1xx_hal_tim.o(i.HAL_TIM_IRQHandler)
    i.HAL_TIM_OC_DelayElapsedCallback        0x08002608   Section        0  stm32f1xx_hal_tim.o(i.HAL_TIM_OC_DelayElapsedCallback)
    i.HAL_TIM_PWM_PulseFinishedCallback      0x0800260a   Section        0  stm32f1xx_hal_tim.o(i.HAL_TIM_PWM_PulseFinishedCallback)
    i.HAL_TIM_PeriodElapsedCallback          0x0800260c   Section        0  main.o(i.HAL_TIM_PeriodElapsedCallback)
    i.HAL_TIM_TriggerCallback                0x08002824   Section        0  stm32f1xx_hal_tim.o(i.HAL_TIM_TriggerCallback)
    i.HAL_UARTEx_RxEventCallback             0x08002826   Section        0  stm32f1xx_hal_uart.o(i.HAL_UARTEx_RxEventCallback)
    i.HAL_UART_DMAStop                       0x08002828   Section        0  stm32f1xx_hal_uart.o(i.HAL_UART_DMAStop)
    i.HAL_UART_ErrorCallback                 0x080028b2   Section        0  stm32f1xx_hal_uart.o(i.HAL_UART_ErrorCallback)
    i.HAL_UART_IRQHandler                    0x080028b4   Section        0  stm32f1xx_hal_uart.o(i.HAL_UART_IRQHandler)
    i.HAL_UART_Init                          0x08002b98   Section        0  stm32f1xx_hal_uart.o(i.HAL_UART_Init)
    i.HAL_UART_MspInit                       0x08002c10   Section        0  usart.o(i.HAL_UART_MspInit)
    i.HAL_UART_Receive_DMA                   0x08002d18   Section        0  stm32f1xx_hal_uart.o(i.HAL_UART_Receive_DMA)
    i.HAL_UART_RxCpltCallback                0x08002d44   Section        0  stm32f1xx_hal_uart.o(i.HAL_UART_RxCpltCallback)
    i.HAL_UART_RxHalfCpltCallback            0x08002d46   Section        0  stm32f1xx_hal_uart.o(i.HAL_UART_RxHalfCpltCallback)
    i.HAL_UART_Transmit                      0x08002d48   Section        0  stm32f1xx_hal_uart.o(i.HAL_UART_Transmit)
    i.HAL_UART_Transmit_DMA                  0x08002dfc   Section        0  stm32f1xx_hal_uart.o(i.HAL_UART_Transmit_DMA)
    i.HAL_UART_TxCpltCallback                0x08002e88   Section        0  stm32f1xx_hal_uart.o(i.HAL_UART_TxCpltCallback)
    i.HAL_UART_TxHalfCpltCallback            0x08002e8a   Section        0  stm32f1xx_hal_uart.o(i.HAL_UART_TxHalfCpltCallback)
    i.HardFault_Handler                      0x08002e8c   Section        0  stm32f1xx_it.o(i.HardFault_Handler)
    i.MX_DMA_Init                            0x08002e90   Section        0  dma.o(i.MX_DMA_Init)
    i.MX_GPIO_Init                           0x08002ed4   Section        0  gpio.o(i.MX_GPIO_Init)
    i.MX_TIM3_Init                           0x08002ff0   Section        0  tim.o(i.MX_TIM3_Init)
    i.MX_USART1_UART_Init                    0x0800305c   Section        0  usart.o(i.MX_USART1_UART_Init)
    i.MemManage_Handler                      0x08003094   Section        0  stm32f1xx_it.o(i.MemManage_Handler)
    i.NMI_Handler                            0x08003098   Section        0  stm32f1xx_it.o(i.NMI_Handler)
    i.PendSV_Handler                         0x0800309c   Section        0  stm32f1xx_it.o(i.PendSV_Handler)
    i.RCC_Delay                              0x080030a0   Section        0  stm32f1xx_hal_rcc.o(i.RCC_Delay)
    RCC_Delay                                0x080030a1   Thumb Code    36  stm32f1xx_hal_rcc.o(i.RCC_Delay)
    i.SVC_Handler                            0x080030c8   Section        0  stm32f1xx_it.o(i.SVC_Handler)
    i.SysTick_Handler                        0x080030ca   Section        0  stm32f1xx_it.o(i.SysTick_Handler)
    i.SystemClock_Config                     0x080030d2   Section        0  main.o(i.SystemClock_Config)
    i.SystemInit                             0x08003138   Section        0  system_stm32f1xx.o(i.SystemInit)
    i.TIM3_IRQHandler                        0x0800313c   Section        0  stm32f1xx_it.o(i.TIM3_IRQHandler)
    i.TIM_Base_SetConfig                     0x0800314c   Section        0  stm32f1xx_hal_tim.o(i.TIM_Base_SetConfig)
    i.TIM_ETR_SetConfig                      0x080031c0   Section        0  stm32f1xx_hal_tim.o(i.TIM_ETR_SetConfig)
    i.TIM_ITRx_SetConfig                     0x080031d6   Section        0  stm32f1xx_hal_tim.o(i.TIM_ITRx_SetConfig)
    TIM_ITRx_SetConfig                       0x080031d7   Thumb Code    18  stm32f1xx_hal_tim.o(i.TIM_ITRx_SetConfig)
    i.TIM_TI1_ConfigInputStage               0x080031e8   Section        0  stm32f1xx_hal_tim.o(i.TIM_TI1_ConfigInputStage)
    TIM_TI1_ConfigInputStage                 0x080031e9   Thumb Code    38  stm32f1xx_hal_tim.o(i.TIM_TI1_ConfigInputStage)
    i.TIM_TI2_ConfigInputStage               0x0800320e   Section        0  stm32f1xx_hal_tim.o(i.TIM_TI2_ConfigInputStage)
    TIM_TI2_ConfigInputStage                 0x0800320f   Thumb Code    40  stm32f1xx_hal_tim.o(i.TIM_TI2_ConfigInputStage)
    i.UART_DMAAbortOnError                   0x08003236   Section        0  stm32f1xx_hal_uart.o(i.UART_DMAAbortOnError)
    UART_DMAAbortOnError                     0x08003237   Thumb Code    20  stm32f1xx_hal_uart.o(i.UART_DMAAbortOnError)
    i.UART_DMAError                          0x0800324a   Section        0  stm32f1xx_hal_uart.o(i.UART_DMAError)
    UART_DMAError                            0x0800324b   Thumb Code    80  stm32f1xx_hal_uart.o(i.UART_DMAError)
    i.UART_DMAReceiveCplt                    0x0800329a   Section        0  stm32f1xx_hal_uart.o(i.UART_DMAReceiveCplt)
    UART_DMAReceiveCplt                      0x0800329b   Thumb Code   180  stm32f1xx_hal_uart.o(i.UART_DMAReceiveCplt)
    i.UART_DMARxHalfCplt                     0x0800334e   Section        0  stm32f1xx_hal_uart.o(i.UART_DMARxHalfCplt)
    UART_DMARxHalfCplt                       0x0800334f   Thumb Code    36  stm32f1xx_hal_uart.o(i.UART_DMARxHalfCplt)
    i.UART_DMATransmitCplt                   0x08003372   Section        0  stm32f1xx_hal_uart.o(i.UART_DMATransmitCplt)
    UART_DMATransmitCplt                     0x08003373   Thumb Code    88  stm32f1xx_hal_uart.o(i.UART_DMATransmitCplt)
    i.UART_DMATxHalfCplt                     0x080033ca   Section        0  stm32f1xx_hal_uart.o(i.UART_DMATxHalfCplt)
    UART_DMATxHalfCplt                       0x080033cb   Thumb Code    14  stm32f1xx_hal_uart.o(i.UART_DMATxHalfCplt)
    i.UART_EndRxTransfer                     0x080033d8   Section        0  stm32f1xx_hal_uart.o(i.UART_EndRxTransfer)
    UART_EndRxTransfer                       0x080033d9   Thumb Code   108  stm32f1xx_hal_uart.o(i.UART_EndRxTransfer)
    i.UART_EndTransmit_IT                    0x08003444   Section        0  stm32f1xx_hal_uart.o(i.UART_EndTransmit_IT)
    UART_EndTransmit_IT                      0x08003445   Thumb Code    32  stm32f1xx_hal_uart.o(i.UART_EndTransmit_IT)
    i.UART_EndTxTransfer                     0x08003464   Section        0  stm32f1xx_hal_uart.o(i.UART_EndTxTransfer)
    UART_EndTxTransfer                       0x08003465   Thumb Code    38  stm32f1xx_hal_uart.o(i.UART_EndTxTransfer)
    i.UART_Receive_IT                        0x0800348a   Section        0  stm32f1xx_hal_uart.o(i.UART_Receive_IT)
    UART_Receive_IT                          0x0800348b   Thumb Code   252  stm32f1xx_hal_uart.o(i.UART_Receive_IT)
    i.UART_SetConfig                         0x08003588   Section        0  stm32f1xx_hal_uart.o(i.UART_SetConfig)
    UART_SetConfig                           0x08003589   Thumb Code   248  stm32f1xx_hal_uart.o(i.UART_SetConfig)
    i.UART_Start_Receive_DMA                 0x08003684   Section        0  stm32f1xx_hal_uart.o(i.UART_Start_Receive_DMA)
    i.UART_Transmit_IT                       0x0800374c   Section        0  stm32f1xx_hal_uart.o(i.UART_Transmit_IT)
    UART_Transmit_IT                         0x0800374d   Thumb Code    96  stm32f1xx_hal_uart.o(i.UART_Transmit_IT)
    i.UART_WaitOnFlagUntilTimeout            0x080037ac   Section        0  stm32f1xx_hal_uart.o(i.UART_WaitOnFlagUntilTimeout)
    UART_WaitOnFlagUntilTimeout              0x080037ad   Thumb Code   146  stm32f1xx_hal_uart.o(i.UART_WaitOnFlagUntilTimeout)
    i.USART1_IRQHandler                      0x08003840   Section        0  stm32f1xx_it.o(i.USART1_IRQHandler)
    i.UsageFault_Handler                     0x080038b0   Section        0  stm32f1xx_it.o(i.UsageFault_Handler)
    i.__ARM_fpclassify                       0x080038b4   Section        0  fpclassify.o(i.__ARM_fpclassify)
    i.__NVIC_GetPriorityGrouping             0x080038dc   Section        0  stm32f1xx_hal_cortex.o(i.__NVIC_GetPriorityGrouping)
    __NVIC_GetPriorityGrouping               0x080038dd   Thumb Code    10  stm32f1xx_hal_cortex.o(i.__NVIC_GetPriorityGrouping)
    i.__NVIC_SetPriority                     0x080038ec   Section        0  stm32f1xx_hal_cortex.o(i.__NVIC_SetPriority)
    __NVIC_SetPriority                       0x080038ed   Thumb Code    32  stm32f1xx_hal_cortex.o(i.__NVIC_SetPriority)
    i.__kernel_poly                          0x08003914   Section        0  poly.o(i.__kernel_poly)
    i.__mathlib_dbl_infnan                   0x080039be   Section        0  dunder.o(i.__mathlib_dbl_infnan)
    i.__mathlib_dbl_invalid                  0x080039c4   Section        0  dunder.o(i.__mathlib_dbl_invalid)
    i.__mathlib_dbl_underflow                0x080039d0   Section        0  dunder.o(i.__mathlib_dbl_underflow)
    i._sys_exit                              0x080039e0   Section        0  printf.o(i._sys_exit)
    i.acos                                   0x080039e4   Section        0  acos.o(i.acos)
    i.atan                                   0x08003c60   Section        0  atan.o(i.atan)
    i.control_duoji                          0x08003e80   Section        0  duoji.o(i.control_duoji)
    i.fputc                                  0x08003f4c   Section        0  printf.o(i.fputc)
    i.main                                   0x08003f68   Section        0  main.o(i.main)
    i.sqrt                                   0x08004250   Section        0  sqrt.o(i.sqrt)
    i.thetacount                             0x0800429c   Section        0  count_theta.o(i.thetacount)
    locale$$code                             0x0800474c   Section       44  lc_numeric_c.o(locale$$code)
    x$fpl$dadd                               0x08004778   Section      336  daddsub_clz.o(x$fpl$dadd)
    _dadd1                                   0x08004789   Thumb Code     0  daddsub_clz.o(x$fpl$dadd)
    x$fpl$dcheck1                            0x080048c8   Section       16  dcheck1.o(x$fpl$dcheck1)
    x$fpl$ddiv                               0x080048d8   Section      688  ddiv.o(x$fpl$ddiv)
    ddiv_entry                               0x080048df   Thumb Code     0  ddiv.o(x$fpl$ddiv)
    x$fpl$dfixu                              0x08004b88   Section       90  dfixu.o(x$fpl$dfixu)
    x$fpl$dflt                               0x08004be2   Section       46  dflt_clz.o(x$fpl$dflt)
    x$fpl$dmul                               0x08004c10   Section      340  dmul.o(x$fpl$dmul)
    x$fpl$dnaninf                            0x08004d64   Section      156  dnaninf.o(x$fpl$dnaninf)
    x$fpl$dretinf                            0x08004e00   Section       12  dretinf.o(x$fpl$dretinf)
    x$fpl$drsb                               0x08004e0c   Section       22  daddsub_clz.o(x$fpl$drsb)
    x$fpl$dsqrt                              0x08004e24   Section      460  dsqrt_noumaal.o(x$fpl$dsqrt)
    x$fpl$dsub                               0x08004ff0   Section      468  daddsub_clz.o(x$fpl$dsub)
    _dsub1                                   0x08005001   Thumb Code     0  daddsub_clz.o(x$fpl$dsub)
    x$fpl$printf1                            0x080051c4   Section        4  printf1.o(x$fpl$printf1)
    x$fpl$retnan                             0x080051c8   Section      100  retnan.o(x$fpl$retnan)
    x$fpl$scalbn                             0x0800522c   Section       92  scalbn.o(x$fpl$scalbn)
    x$fpl$trapveneer                         0x08005288   Section       48  trapv.o(x$fpl$trapveneer)
    .constdata                               0x080052b8   Section       18  stm32f1xx_hal_rcc.o(.constdata)
    x$fpl$usenofp                            0x080052b8   Section        0  usenofp.o(x$fpl$usenofp)
    aPLLMULFactorTable                       0x080052b8   Data          16  stm32f1xx_hal_rcc.o(.constdata)
    aPredivFactorTable                       0x080052c8   Data           2  stm32f1xx_hal_rcc.o(.constdata)
    .constdata                               0x080052ca   Section       24  system_stm32f1xx.o(.constdata)
    .constdata                               0x080052e8   Section       80  acos.o(.constdata)
    pS                                       0x080052e8   Data          48  acos.o(.constdata)
    qS                                       0x08005318   Data          32  acos.o(.constdata)
    .constdata                               0x08005338   Section      152  atan.o(.constdata)
    atanhi                                   0x08005338   Data          32  atan.o(.constdata)
    atanlo                                   0x08005358   Data          32  atan.o(.constdata)
    aTodd                                    0x08005378   Data          40  atan.o(.constdata)
    aTeven                                   0x080053a0   Data          48  atan.o(.constdata)
    .constdata                               0x080053d0   Section      148  bigflt0.o(.constdata)
    tenpwrs_x                                0x080053d0   Data          60  bigflt0.o(.constdata)
    tenpwrs_i                                0x0800540c   Data          64  bigflt0.o(.constdata)
    locale$$data                             0x08005484   Section       28  lc_numeric_c.o(locale$$data)
    __lcnum_c_name                           0x08005488   Data           2  lc_numeric_c.o(locale$$data)
    __lcnum_c_start                          0x08005490   Data           0  lc_numeric_c.o(locale$$data)
    __lcnum_c_point                          0x0800549c   Data           0  lc_numeric_c.o(locale$$data)
    __lcnum_c_thousands                      0x0800549e   Data           0  lc_numeric_c.o(locale$$data)
    __lcnum_c_grouping                       0x0800549f   Data           0  lc_numeric_c.o(locale$$data)
    __lcnum_c_end                            0x080054a0   Data           0  lc_numeric_c.o(locale$$data)
    .data                                    0x20000000   Section      156  main.o(.data)
    .data                                    0x2000009c   Section        9  stm32f1xx_hal.o(.data)
    .data                                    0x200000a8   Section        4  system_stm32f1xx.o(.data)
    .data                                    0x200000ac   Section       12  printf.o(.data)
    .bss                                     0x200000b8   Section      120  main.o(.bss)
    .bss                                     0x20000130   Section       72  tim.o(.bss)
    .bss                                     0x20000178   Section      208  usart.o(.bss)
    .bss                                     0x20000248   Section       96  libspace.o(.bss)
    HEAP                                     0x200002a8   Section      512  startup_stm32f103xb.o(HEAP)
    Heap_Mem                                 0x200002a8   Data         512  startup_stm32f103xb.o(HEAP)
    STACK                                    0x200004a8   Section     1024  startup_stm32f103xb.o(STACK)
    Stack_Mem                                0x200004a8   Data        1024  startup_stm32f103xb.o(STACK)
    __initial_sp                             0x200008a8   Data           0  startup_stm32f103xb.o(STACK)

    Global Symbols

    Symbol Name                              Value     Ov Type        Size  Object(Section)

    BuildAttributes$$THM_ISAv4$P$D$K$B$S$PE$A:L22UL41UL21$X:L11$S22US41US21$IEEE1$IW$USESV6$~STKCKD$USESV7$~SHL$OTIME$ROPI$IEEEX$EBA8$UX$STANDARDLIB$REQ8$PRES8$EABIv2 0x00000000   Number         0  anon$$obj.o ABSOLUTE
    __ARM_use_no_argv                        0x00000000   Number         0  main.o ABSOLUTE
    __ARM_exceptions_init                     - Undefined Weak Reference
    __alloca_initialize                       - Undefined Weak Reference
    __arm_preinit_                            - Undefined Weak Reference
    __cpp_initialize__aeabi_                  - Undefined Weak Reference
    __cxa_finalize                            - Undefined Weak Reference
    __sigvec_lookup                           - Undefined Weak Reference
    _atexit_init                              - Undefined Weak Reference
    _call_atexit_fns                          - Undefined Weak Reference
    _clock_init                               - Undefined Weak Reference
    _fp_trap_init                             - Undefined Weak Reference
    _fp_trap_shutdown                         - Undefined Weak Reference
    _get_lc_collate                           - Undefined Weak Reference
    _get_lc_ctype                             - Undefined Weak Reference
    _get_lc_monetary                          - Undefined Weak Reference
    _get_lc_time                              - Undefined Weak Reference
    _getenv_init                              - Undefined Weak Reference
    _handle_redirection                       - Undefined Weak Reference
    _init_alloc                               - Undefined Weak Reference
    _init_user_alloc                          - Undefined Weak Reference
    _initio                                   - Undefined Weak Reference
    _mutex_acquire                            - Undefined Weak Reference
    _mutex_release                            - Undefined Weak Reference
    _printf_post_padding                      - Undefined Weak Reference
    _printf_pre_padding                       - Undefined Weak Reference
    _rand_init                                - Undefined Weak Reference
    _signal_finish                            - Undefined Weak Reference
    _signal_init                              - Undefined Weak Reference
    _terminate_alloc                          - Undefined Weak Reference
    _terminate_user_alloc                     - Undefined Weak Reference
    _terminateio                              - Undefined Weak Reference
    __Vectors_Size                           0x000000ec   Number         0  startup_stm32f103xb.o ABSOLUTE
    __Vectors                                0x08000000   Data           4  startup_stm32f103xb.o(RESET)
    __Vectors_End                            0x080000ec   Data           0  startup_stm32f103xb.o(RESET)
    __main                                   0x080000ed   Thumb Code     8  __main.o(!!!main)
    __scatterload                            0x080000f5   Thumb Code     0  __scatter.o(!!!scatter)
    __scatterload_rt2                        0x080000f5   Thumb Code    44  __scatter.o(!!!scatter)
    __scatterload_rt2_thumb_only             0x080000f5   Thumb Code     0  __scatter.o(!!!scatter)
    __scatterload_null                       0x08000103   Thumb Code     0  __scatter.o(!!!scatter)
    __scatterload_copy                       0x08000129   Thumb Code    26  __scatter_copy.o(!!handler_copy)
    __scatterload_zeroinit                   0x08000145   Thumb Code    28  __scatter_zi.o(!!handler_zi)
    _printf_f                                0x08000161   Thumb Code     0  _printf_f.o(.ARM.Collect$$_printf_percent$$00000003)
    _printf_percent                          0x08000161   Thumb Code     0  _printf_percent.o(.ARM.Collect$$_printf_percent$$00000000)
    _printf_percent_end                      0x08000167   Thumb Code     0  _printf_percent_end.o(.ARM.Collect$$_printf_percent$$00000017)
    __rt_lib_init                            0x0800016b   Thumb Code     0  libinit.o(.ARM.Collect$$libinit$$00000000)
    __rt_lib_init_fp_1                       0x0800016d   Thumb Code     0  libinit2.o(.ARM.Collect$$libinit$$00000002)
    __rt_lib_init_heap_1                     0x0800016d   Thumb Code     0  libinit2.o(.ARM.Collect$$libinit$$0000000A)
    __rt_lib_init_lc_common                  0x0800016d   Thumb Code     0  libinit2.o(.ARM.Collect$$libinit$$0000000F)
    __rt_lib_init_preinit_1                  0x0800016d   Thumb Code     0  libinit2.o(.ARM.Collect$$libinit$$00000004)
    __rt_lib_init_rand_1                     0x0800016d   Thumb Code     0  libinit2.o(.ARM.Collect$$libinit$$0000000E)
    __rt_lib_init_user_alloc_1               0x0800016d   Thumb Code     0  libinit2.o(.ARM.Collect$$libinit$$0000000C)
    __rt_lib_init_lc_collate_1               0x08000173   Thumb Code     0  libinit2.o(.ARM.Collect$$libinit$$00000011)
    __rt_lib_init_lc_ctype_1                 0x08000173   Thumb Code     0  libinit2.o(.ARM.Collect$$libinit$$00000013)
    __rt_lib_init_lc_monetary_1              0x08000173   Thumb Code     0  libinit2.o(.ARM.Collect$$libinit$$00000015)
    __rt_lib_init_lc_numeric_2               0x08000173   Thumb Code     0  libinit2.o(.ARM.Collect$$libinit$$00000016)
    __rt_lib_init_alloca_1                   0x0800017d   Thumb Code     0  libinit2.o(.ARM.Collect$$libinit$$0000002E)
    __rt_lib_init_argv_1                     0x0800017d   Thumb Code     0  libinit2.o(.ARM.Collect$$libinit$$0000002C)
    __rt_lib_init_atexit_1                   0x0800017d   Thumb Code     0  libinit2.o(.ARM.Collect$$libinit$$0000001B)
    __rt_lib_init_clock_1                    0x0800017d   Thumb Code     0  libinit2.o(.ARM.Collect$$libinit$$00000021)
    __rt_lib_init_cpp_1                      0x0800017d   Thumb Code     0  libinit2.o(.ARM.Collect$$libinit$$00000032)
    __rt_lib_init_exceptions_1               0x0800017d   Thumb Code     0  libinit2.o(.ARM.Collect$$libinit$$00000030)
    __rt_lib_init_fp_trap_1                  0x0800017d   Thumb Code     0  libinit2.o(.ARM.Collect$$libinit$$0000001F)
    __rt_lib_init_getenv_1                   0x0800017d   Thumb Code     0  libinit2.o(.ARM.Collect$$libinit$$00000023)
    __rt_lib_init_lc_numeric_1               0x0800017d   Thumb Code     0  libinit2.o(.ARM.Collect$$libinit$$00000017)
    __rt_lib_init_lc_time_1                  0x0800017d   Thumb Code     0  libinit2.o(.ARM.Collect$$libinit$$00000019)
    __rt_lib_init_return                     0x0800017d   Thumb Code     0  libinit2.o(.ARM.Collect$$libinit$$00000033)
    __rt_lib_init_signal_1                   0x0800017d   Thumb Code     0  libinit2.o(.ARM.Collect$$libinit$$0000001D)
    __rt_lib_init_stdio_1                    0x0800017d   Thumb Code     0  libinit2.o(.ARM.Collect$$libinit$$00000025)
    __rt_lib_shutdown                        0x0800017f   Thumb Code     0  libshutdown.o(.ARM.Collect$$libshutdown$$00000000)
    __rt_lib_shutdown_cpp_1                  0x08000181   Thumb Code     0  libshutdown2.o(.ARM.Collect$$libshutdown$$00000002)
    __rt_lib_shutdown_fp_trap_1              0x08000181   Thumb Code     0  libshutdown2.o(.ARM.Collect$$libshutdown$$00000007)
    __rt_lib_shutdown_heap_1                 0x08000181   Thumb Code     0  libshutdown2.o(.ARM.Collect$$libshutdown$$0000000F)
    __rt_lib_shutdown_return                 0x08000181   Thumb Code     0  libshutdown2.o(.ARM.Collect$$libshutdown$$00000010)
    __rt_lib_shutdown_signal_1               0x08000181   Thumb Code     0  libshutdown2.o(.ARM.Collect$$libshutdown$$0000000A)
    __rt_lib_shutdown_stdio_1                0x08000181   Thumb Code     0  libshutdown2.o(.ARM.Collect$$libshutdown$$00000004)
    __rt_lib_shutdown_user_alloc_1           0x08000181   Thumb Code     0  libshutdown2.o(.ARM.Collect$$libshutdown$$0000000C)
    __rt_entry                               0x08000183   Thumb Code     0  __rtentry.o(.ARM.Collect$$rtentry$$00000000)
    __rt_entry_presh_1                       0x08000183   Thumb Code     0  __rtentry2.o(.ARM.Collect$$rtentry$$00000002)
    __rt_entry_sh                            0x08000183   Thumb Code     0  __rtentry4.o(.ARM.Collect$$rtentry$$00000004)
    __rt_entry_li                            0x08000189   Thumb Code     0  __rtentry2.o(.ARM.Collect$$rtentry$$0000000A)
    __rt_entry_postsh_1                      0x08000189   Thumb Code     0  __rtentry2.o(.ARM.Collect$$rtentry$$00000009)
    __rt_entry_main                          0x0800018d   Thumb Code     0  __rtentry2.o(.ARM.Collect$$rtentry$$0000000D)
    __rt_entry_postli_1                      0x0800018d   Thumb Code     0  __rtentry2.o(.ARM.Collect$$rtentry$$0000000C)
    __rt_exit                                0x08000195   Thumb Code     0  rtexit.o(.ARM.Collect$$rtexit$$00000000)
    __rt_exit_ls                             0x08000197   Thumb Code     0  rtexit2.o(.ARM.Collect$$rtexit$$00000003)
    __rt_exit_prels_1                        0x08000197   Thumb Code     0  rtexit2.o(.ARM.Collect$$rtexit$$00000002)
    __rt_exit_exit                           0x0800019b   Thumb Code     0  rtexit2.o(.ARM.Collect$$rtexit$$00000004)
    Reset_Handler                            0x080001a1   Thumb Code     8  startup_stm32f103xb.o(.text)
    ADC1_2_IRQHandler                        0x080001bb   Thumb Code     0  startup_stm32f103xb.o(.text)
    CAN1_RX1_IRQHandler                      0x080001bb   Thumb Code     0  startup_stm32f103xb.o(.text)
    CAN1_SCE_IRQHandler                      0x080001bb   Thumb Code     0  startup_stm32f103xb.o(.text)
    DMA1_Channel1_IRQHandler                 0x080001bb   Thumb Code     0  startup_stm32f103xb.o(.text)
    DMA1_Channel2_IRQHandler                 0x080001bb   Thumb Code     0  startup_stm32f103xb.o(.text)
    DMA1_Channel3_IRQHandler                 0x080001bb   Thumb Code     0  startup_stm32f103xb.o(.text)
    DMA1_Channel6_IRQHandler                 0x080001bb   Thumb Code     0  startup_stm32f103xb.o(.text)
    DMA1_Channel7_IRQHandler                 0x080001bb   Thumb Code     0  startup_stm32f103xb.o(.text)
    EXTI0_IRQHandler                         0x080001bb   Thumb Code     0  startup_stm32f103xb.o(.text)
    EXTI15_10_IRQHandler                     0x080001bb   Thumb Code     0  startup_stm32f103xb.o(.text)
    EXTI1_IRQHandler                         0x080001bb   Thumb Code     0  startup_stm32f103xb.o(.text)
    EXTI2_IRQHandler                         0x080001bb   Thumb Code     0  startup_stm32f103xb.o(.text)
    EXTI3_IRQHandler                         0x080001bb   Thumb Code     0  startup_stm32f103xb.o(.text)
    EXTI4_IRQHandler                         0x080001bb   Thumb Code     0  startup_stm32f103xb.o(.text)
    EXTI9_5_IRQHandler                       0x080001bb   Thumb Code     0  startup_stm32f103xb.o(.text)
    FLASH_IRQHandler                         0x080001bb   Thumb Code     0  startup_stm32f103xb.o(.text)
    I2C1_ER_IRQHandler                       0x080001bb   Thumb Code     0  startup_stm32f103xb.o(.text)
    I2C1_EV_IRQHandler                       0x080001bb   Thumb Code     0  startup_stm32f103xb.o(.text)
    I2C2_ER_IRQHandler                       0x080001bb   Thumb Code     0  startup_stm32f103xb.o(.text)
    I2C2_EV_IRQHandler                       0x080001bb   Thumb Code     0  startup_stm32f103xb.o(.text)
    PVD_IRQHandler                           0x080001bb   Thumb Code     0  startup_stm32f103xb.o(.text)
    RCC_IRQHandler                           0x080001bb   Thumb Code     0  startup_stm32f103xb.o(.text)
    RTC_Alarm_IRQHandler                     0x080001bb   Thumb Code     0  startup_stm32f103xb.o(.text)
    RTC_IRQHandler                           0x080001bb   Thumb Code     0  startup_stm32f103xb.o(.text)
    SPI1_IRQHandler                          0x080001bb   Thumb Code     0  startup_stm32f103xb.o(.text)
    SPI2_IRQHandler                          0x080001bb   Thumb Code     0  startup_stm32f103xb.o(.text)
    TAMPER_IRQHandler                        0x080001bb   Thumb Code     0  startup_stm32f103xb.o(.text)
    TIM1_BRK_IRQHandler                      0x080001bb   Thumb Code     0  startup_stm32f103xb.o(.text)
    TIM1_CC_IRQHandler                       0x080001bb   Thumb Code     0  startup_stm32f103xb.o(.text)
    TIM1_TRG_COM_IRQHandler                  0x080001bb   Thumb Code     0  startup_stm32f103xb.o(.text)
    TIM1_UP_IRQHandler                       0x080001bb   Thumb Code     0  startup_stm32f103xb.o(.text)
    TIM2_IRQHandler                          0x080001bb   Thumb Code     0  startup_stm32f103xb.o(.text)
    TIM4_IRQHandler                          0x080001bb   Thumb Code     0  startup_stm32f103xb.o(.text)
    USART2_IRQHandler                        0x080001bb   Thumb Code     0  startup_stm32f103xb.o(.text)
    USART3_IRQHandler                        0x080001bb   Thumb Code     0  startup_stm32f103xb.o(.text)
    USBWakeUp_IRQHandler                     0x080001bb   Thumb Code     0  startup_stm32f103xb.o(.text)
    USB_HP_CAN1_TX_IRQHandler                0x080001bb   Thumb Code     0  startup_stm32f103xb.o(.text)
    USB_LP_CAN1_RX0_IRQHandler               0x080001bb   Thumb Code     0  startup_stm32f103xb.o(.text)
    WWDG_IRQHandler                          0x080001bb   Thumb Code     0  startup_stm32f103xb.o(.text)
    __user_initial_stackheap                 0x080001bd   Thumb Code     0  startup_stm32f103xb.o(.text)
    __use_no_semihosting                     0x080001e1   Thumb Code     2  use_no_semi_2.o(.text)
    __2printf                                0x080001e5   Thumb Code    20  noretval__2printf.o(.text)
    __printf                                 0x080001fd   Thumb Code   104  __printf.o(.text)
    __aeabi_memclr4                          0x08000265   Thumb Code     0  rt_memclr_w.o(.text)
    __aeabi_memclr8                          0x08000265   Thumb Code     0  rt_memclr_w.o(.text)
    __rt_memclr_w                            0x08000265   Thumb Code    78  rt_memclr_w.o(.text)
    _memset_w                                0x08000269   Thumb Code     0  rt_memclr_w.o(.text)
    __use_two_region_memory                  0x080002b3   Thumb Code     2  heapauxi.o(.text)
    __rt_heap_escrow$2region                 0x080002b5   Thumb Code     2  heapauxi.o(.text)
    __rt_heap_expand$2region                 0x080002b7   Thumb Code     2  heapauxi.o(.text)
    __I$use$semihosting                      0x080002b9   Thumb Code     0  use_no_semi.o(.text)
    __use_no_semihosting_swi                 0x080002b9   Thumb Code     2  use_no_semi.o(.text)
    __read_errno                             0x080002bb   Thumb Code    10  _rserrno.o(.text)
    __set_errno                              0x080002c5   Thumb Code    12  _rserrno.o(.text)
    __lib_sel_fp_printf                      0x080002d1   Thumb Code     2  _printf_fp_dec.o(.text)
    _printf_fp_dec_real                      0x08000483   Thumb Code   620  _printf_fp_dec.o(.text)
    _printf_char_file                        0x080006f1   Thumb Code    32  _printf_char_file.o(.text)
    __rt_locale                              0x08000715   Thumb Code     8  rt_locale_intlibspace.o(.text)
    __aeabi_errno_addr                       0x0800071d   Thumb Code     8  rt_errno_addr_intlibspace.o(.text)
    __errno$intlibspace                      0x0800071d   Thumb Code     0  rt_errno_addr_intlibspace.o(.text)
    __rt_errno_addr$intlibspace              0x0800071d   Thumb Code     0  rt_errno_addr_intlibspace.o(.text)
    _ll_udiv10                               0x08000725   Thumb Code   138  lludiv10.o(.text)
    _printf_char_common                      0x080007bb   Thumb Code    32  _printf_char_common.o(.text)
    _printf_fp_infnan                        0x080007e1   Thumb Code   112  _printf_fp_infnan.o(.text)
    _btod_etento                             0x08000861   Thumb Code   224  bigflt0.o(.text)
    ferror                                   0x08000945   Thumb Code     8  ferror.o(.text)
    __user_libspace                          0x0800094d   Thumb Code     8  libspace.o(.text)
    __user_perproc_libspace                  0x0800094d   Thumb Code     0  libspace.o(.text)
    __user_perthread_libspace                0x0800094d   Thumb Code     0  libspace.o(.text)
    __user_setup_stackheap                   0x08000955   Thumb Code    74  sys_stackheap_outer.o(.text)
    exit                                     0x0800099f   Thumb Code    18  exit.o(.text)
    strcmp                                   0x080009b1   Thumb Code   128  strcmpv7m.o(.text)
    _btod_d2e                                0x08000a31   Thumb Code    62  btod.o(CL$$btod_d2e)
    _d2e_denorm_low                          0x08000a6f   Thumb Code    70  btod.o(CL$$btod_d2e_denorm_low)
    _d2e_norm_op1                            0x08000ab5   Thumb Code    96  btod.o(CL$$btod_d2e_norm_op1)
    __btod_div_common                        0x08000b15   Thumb Code   696  btod.o(CL$$btod_div_common)
    _e2e                                     0x08000e4d   Thumb Code   220  btod.o(CL$$btod_e2e)
    _btod_ediv                               0x08000f29   Thumb Code    42  btod.o(CL$$btod_ediv)
    _btod_emul                               0x08000f53   Thumb Code    42  btod.o(CL$$btod_emul)
    __btod_mult_common                       0x08000f7d   Thumb Code   580  btod.o(CL$$btod_mult_common)
    BusFault_Handler                         0x080011c1   Thumb Code     4  stm32f1xx_it.o(i.BusFault_Handler)
    DMA1_Channel4_IRQHandler                 0x080011c5   Thumb Code    10  stm32f1xx_it.o(i.DMA1_Channel4_IRQHandler)
    DMA1_Channel5_IRQHandler                 0x080011d5   Thumb Code    10  stm32f1xx_it.o(i.DMA1_Channel5_IRQHandler)
    DebugMon_Handler                         0x08001211   Thumb Code     2  stm32f1xx_it.o(i.DebugMon_Handler)
    Error_Handler                            0x08001213   Thumb Code     6  main.o(i.Error_Handler)
    HAL_DMA_Abort                            0x08001219   Thumb Code    86  stm32f1xx_hal_dma.o(i.HAL_DMA_Abort)
    HAL_DMA_Abort_IT                         0x08001271   Thumb Code   172  stm32f1xx_hal_dma.o(i.HAL_DMA_Abort_IT)
    HAL_DMA_IRQHandler                       0x08001321   Thumb Code   408  stm32f1xx_hal_dma.o(i.HAL_DMA_IRQHandler)
    HAL_DMA_Init                             0x080014bd   Thumb Code   100  stm32f1xx_hal_dma.o(i.HAL_DMA_Init)
    HAL_DMA_Start_IT                         0x08001525   Thumb Code   156  stm32f1xx_hal_dma.o(i.HAL_DMA_Start_IT)
    HAL_Delay                                0x080015c1   Thumb Code    36  stm32f1xx_hal.o(i.HAL_Delay)
    HAL_GPIO_Init                            0x080015e9   Thumb Code   766  stm32f1xx_hal_gpio.o(i.HAL_GPIO_Init)
    HAL_GPIO_TogglePin                       0x08001909   Thumb Code    20  stm32f1xx_hal_gpio.o(i.HAL_GPIO_TogglePin)
    HAL_GPIO_WritePin                        0x0800191d   Thumb Code    12  stm32f1xx_hal_gpio.o(i.HAL_GPIO_WritePin)
    HAL_GetTick                              0x08001929   Thumb Code     6  stm32f1xx_hal.o(i.HAL_GetTick)
    HAL_IncTick                              0x08001935   Thumb Code    16  stm32f1xx_hal.o(i.HAL_IncTick)
    HAL_Init                                 0x0800194d   Thumb Code    34  stm32f1xx_hal.o(i.HAL_Init)
    HAL_InitTick                             0x08001975   Thumb Code    64  stm32f1xx_hal.o(i.HAL_InitTick)
    HAL_MspInit                              0x080019c1   Thumb Code    76  stm32f1xx_hal_msp.o(i.HAL_MspInit)
    HAL_NVIC_EnableIRQ                       0x08001a15   Thumb Code    32  stm32f1xx_hal_cortex.o(i.HAL_NVIC_EnableIRQ)
    HAL_NVIC_SetPriority                     0x08001a35   Thumb Code   124  stm32f1xx_hal_cortex.o(i.HAL_NVIC_SetPriority)
    HAL_NVIC_SetPriorityGrouping             0x08001ab1   Thumb Code    32  stm32f1xx_hal_cortex.o(i.HAL_NVIC_SetPriorityGrouping)
    HAL_RCC_ClockConfig                      0x08001ad9   Thumb Code   376  stm32f1xx_hal_rcc.o(i.HAL_RCC_ClockConfig)
    HAL_RCC_GetHCLKFreq                      0x08001c65   Thumb Code     6  stm32f1xx_hal_rcc.o(i.HAL_RCC_GetHCLKFreq)
    HAL_RCC_GetPCLK1Freq                     0x08001c71   Thumb Code    22  stm32f1xx_hal_rcc.o(i.HAL_RCC_GetPCLK1Freq)
    HAL_RCC_GetPCLK2Freq                     0x08001c91   Thumb Code    22  stm32f1xx_hal_rcc.o(i.HAL_RCC_GetPCLK2Freq)
    HAL_RCC_GetSysClockFreq                  0x08001cb1   Thumb Code    92  stm32f1xx_hal_rcc.o(i.HAL_RCC_GetSysClockFreq)
    HAL_RCC_OscConfig                        0x08001d21   Thumb Code  1114  stm32f1xx_hal_rcc.o(i.HAL_RCC_OscConfig)
    HAL_SYSTICK_Config                       0x08002185   Thumb Code    52  stm32f1xx_hal_cortex.o(i.HAL_SYSTICK_Config)
    HAL_TIMEx_BreakCallback                  0x080021b9   Thumb Code     2  stm32f1xx_hal_tim_ex.o(i.HAL_TIMEx_BreakCallback)
    HAL_TIMEx_CommutCallback                 0x080021bb   Thumb Code     2  stm32f1xx_hal_tim_ex.o(i.HAL_TIMEx_CommutCallback)
    HAL_TIMEx_MasterConfigSynchronization    0x080021bd   Thumb Code   118  stm32f1xx_hal_tim_ex.o(i.HAL_TIMEx_MasterConfigSynchronization)
    HAL_TIM_Base_Init                        0x08002241   Thumb Code   102  stm32f1xx_hal_tim.o(i.HAL_TIM_Base_Init)
    HAL_TIM_Base_MspInit                     0x080022a9   Thumb Code    58  tim.o(i.HAL_TIM_Base_MspInit)
    HAL_TIM_Base_Start_IT                    0x080022ed   Thumb Code   106  stm32f1xx_hal_tim.o(i.HAL_TIM_Base_Start_IT)
    HAL_TIM_ConfigClockSource                0x08002365   Thumb Code   268  stm32f1xx_hal_tim.o(i.HAL_TIM_ConfigClockSource)
    HAL_TIM_IC_CaptureCallback               0x08002471   Thumb Code     2  stm32f1xx_hal_tim.o(i.HAL_TIM_IC_CaptureCallback)
    HAL_TIM_IRQHandler                       0x08002473   Thumb Code   406  stm32f1xx_hal_tim.o(i.HAL_TIM_IRQHandler)
    HAL_TIM_OC_DelayElapsedCallback          0x08002609   Thumb Code     2  stm32f1xx_hal_tim.o(i.HAL_TIM_OC_DelayElapsedCallback)
    HAL_TIM_PWM_PulseFinishedCallback        0x0800260b   Thumb Code     2  stm32f1xx_hal_tim.o(i.HAL_TIM_PWM_PulseFinishedCallback)
    HAL_TIM_PeriodElapsedCallback            0x0800260d   Thumb Code   508  main.o(i.HAL_TIM_PeriodElapsedCallback)
    HAL_TIM_TriggerCallback                  0x08002825   Thumb Code     2  stm32f1xx_hal_tim.o(i.HAL_TIM_TriggerCallback)
    HAL_UARTEx_RxEventCallback               0x08002827   Thumb Code     2  stm32f1xx_hal_uart.o(i.HAL_UARTEx_RxEventCallback)
    HAL_UART_DMAStop                         0x08002829   Thumb Code   138  stm32f1xx_hal_uart.o(i.HAL_UART_DMAStop)
    HAL_UART_ErrorCallback                   0x080028b3   Thumb Code     2  stm32f1xx_hal_uart.o(i.HAL_UART_ErrorCallback)
    HAL_UART_IRQHandler                      0x080028b5   Thumb Code   736  stm32f1xx_hal_uart.o(i.HAL_UART_IRQHandler)
    HAL_UART_Init                            0x08002b99   Thumb Code   118  stm32f1xx_hal_uart.o(i.HAL_UART_Init)
    HAL_UART_MspInit                         0x08002c11   Thumb Code   240  usart.o(i.HAL_UART_MspInit)
    HAL_UART_Receive_DMA                     0x08002d19   Thumb Code    44  stm32f1xx_hal_uart.o(i.HAL_UART_Receive_DMA)
    HAL_UART_RxCpltCallback                  0x08002d45   Thumb Code     2  stm32f1xx_hal_uart.o(i.HAL_UART_RxCpltCallback)
    HAL_UART_RxHalfCpltCallback              0x08002d47   Thumb Code     2  stm32f1xx_hal_uart.o(i.HAL_UART_RxHalfCpltCallback)
    HAL_UART_Transmit                        0x08002d49   Thumb Code   178  stm32f1xx_hal_uart.o(i.HAL_UART_Transmit)
    HAL_UART_Transmit_DMA                    0x08002dfd   Thumb Code   128  stm32f1xx_hal_uart.o(i.HAL_UART_Transmit_DMA)
    HAL_UART_TxCpltCallback                  0x08002e89   Thumb Code     2  stm32f1xx_hal_uart.o(i.HAL_UART_TxCpltCallback)
    HAL_UART_TxHalfCpltCallback              0x08002e8b   Thumb Code     2  stm32f1xx_hal_uart.o(i.HAL_UART_TxHalfCpltCallback)
    HardFault_Handler                        0x08002e8d   Thumb Code     4  stm32f1xx_it.o(i.HardFault_Handler)
    MX_DMA_Init                              0x08002e91   Thumb Code    64  dma.o(i.MX_DMA_Init)
    MX_GPIO_Init                             0x08002ed5   Thumb Code   268  gpio.o(i.MX_GPIO_Init)
    MX_TIM3_Init                             0x08002ff1   Thumb Code    98  tim.o(i.MX_TIM3_Init)
    MX_USART1_UART_Init                      0x0800305d   Thumb Code    46  usart.o(i.MX_USART1_UART_Init)
    MemManage_Handler                        0x08003095   Thumb Code     4  stm32f1xx_it.o(i.MemManage_Handler)
    NMI_Handler                              0x08003099   Thumb Code     4  stm32f1xx_it.o(i.NMI_Handler)
    PendSV_Handler                           0x0800309d   Thumb Code     2  stm32f1xx_it.o(i.PendSV_Handler)
    SVC_Handler                              0x080030c9   Thumb Code     2  stm32f1xx_it.o(i.SVC_Handler)
    SysTick_Handler                          0x080030cb   Thumb Code     8  stm32f1xx_it.o(i.SysTick_Handler)
    SystemClock_Config                       0x080030d3   Thumb Code   102  main.o(i.SystemClock_Config)
    SystemInit                               0x08003139   Thumb Code     2  system_stm32f1xx.o(i.SystemInit)
    TIM3_IRQHandler                          0x0800313d   Thumb Code    10  stm32f1xx_it.o(i.TIM3_IRQHandler)
    TIM_Base_SetConfig                       0x0800314d   Thumb Code   104  stm32f1xx_hal_tim.o(i.TIM_Base_SetConfig)
    TIM_ETR_SetConfig                        0x080031c1   Thumb Code    22  stm32f1xx_hal_tim.o(i.TIM_ETR_SetConfig)
    UART_Start_Receive_DMA                   0x08003685   Thumb Code   186  stm32f1xx_hal_uart.o(i.UART_Start_Receive_DMA)
    USART1_IRQHandler                        0x08003841   Thumb Code    96  stm32f1xx_it.o(i.USART1_IRQHandler)
    UsageFault_Handler                       0x080038b1   Thumb Code     4  stm32f1xx_it.o(i.UsageFault_Handler)
    __ARM_fpclassify                         0x080038b5   Thumb Code    40  fpclassify.o(i.__ARM_fpclassify)
    __kernel_poly                            0x08003915   Thumb Code   170  poly.o(i.__kernel_poly)
    __mathlib_dbl_infnan                     0x080039bf   Thumb Code     6  dunder.o(i.__mathlib_dbl_infnan)
    __mathlib_dbl_invalid                    0x080039c5   Thumb Code    12  dunder.o(i.__mathlib_dbl_invalid)
    __mathlib_dbl_underflow                  0x080039d1   Thumb Code    10  dunder.o(i.__mathlib_dbl_underflow)
    _sys_exit                                0x080039e1   Thumb Code     4  printf.o(i._sys_exit)
    acos                                     0x080039e5   Thumb Code   574  acos.o(i.acos)
    atan                                     0x08003c61   Thumb Code   474  atan.o(i.atan)
    control_duoji                            0x08003e81   Thumb Code   200  duoji.o(i.control_duoji)
    fputc                                    0x08003f4d   Thumb Code    22  printf.o(i.fputc)
    main                                     0x08003f69   Thumb Code   682  main.o(i.main)
    sqrt                                     0x08004251   Thumb Code    76  sqrt.o(i.sqrt)
    thetacount                               0x0800429d   Thumb Code   922  count_theta.o(i.thetacount)
    _get_lc_numeric                          0x0800474d   Thumb Code    44  lc_numeric_c.o(locale$$code)
    __aeabi_dadd                             0x08004779   Thumb Code     0  daddsub_clz.o(x$fpl$dadd)
    _dadd                                    0x08004779   Thumb Code   332  daddsub_clz.o(x$fpl$dadd)
    __fpl_dcheck_NaN1                        0x080048c9   Thumb Code    10  dcheck1.o(x$fpl$dcheck1)
    __aeabi_ddiv                             0x080048d9   Thumb Code     0  ddiv.o(x$fpl$ddiv)
    _ddiv                                    0x080048d9   Thumb Code   552  ddiv.o(x$fpl$ddiv)
    __aeabi_d2uiz                            0x08004b89   Thumb Code     0  dfixu.o(x$fpl$dfixu)
    _dfixu                                   0x08004b89   Thumb Code    90  dfixu.o(x$fpl$dfixu)
    __aeabi_i2d                              0x08004be3   Thumb Code     0  dflt_clz.o(x$fpl$dflt)
    _dflt                                    0x08004be3   Thumb Code    46  dflt_clz.o(x$fpl$dflt)
    __aeabi_dmul                             0x08004c11   Thumb Code     0  dmul.o(x$fpl$dmul)
    _dmul                                    0x08004c11   Thumb Code   332  dmul.o(x$fpl$dmul)
    __fpl_dnaninf                            0x08004d65   Thumb Code   156  dnaninf.o(x$fpl$dnaninf)
    __fpl_dretinf                            0x08004e01   Thumb Code    12  dretinf.o(x$fpl$dretinf)
    __aeabi_drsub                            0x08004e0d   Thumb Code     0  daddsub_clz.o(x$fpl$drsb)
    _drsb                                    0x08004e0d   Thumb Code    22  daddsub_clz.o(x$fpl$drsb)
    _dsqrt                                   0x08004e25   Thumb Code   456  dsqrt_noumaal.o(x$fpl$dsqrt)
    __aeabi_dsub                             0x08004ff1   Thumb Code     0  daddsub_clz.o(x$fpl$dsub)
    _dsub                                    0x08004ff1   Thumb Code   464  daddsub_clz.o(x$fpl$dsub)
    _printf_fp_dec                           0x080051c5   Thumb Code     4  printf1.o(x$fpl$printf1)
    __fpl_return_NaN                         0x080051c9   Thumb Code   100  retnan.o(x$fpl$retnan)
    __ARM_scalbn                             0x0800522d   Thumb Code    92  scalbn.o(x$fpl$scalbn)
    __fpl_cmpreturn                          0x08005289   Thumb Code    48  trapv.o(x$fpl$trapveneer)
    __I$use$fp                               0x080052b8   Number         0  usenofp.o(x$fpl$usenofp)
    AHBPrescTable                            0x080052ca   Data          16  system_stm32f1xx.o(.constdata)
    APBPrescTable                            0x080052da   Data           8  system_stm32f1xx.o(.constdata)
    Region$$Table$$Base                      0x08005464   Number         0  anon$$obj.o(Region$$Table)
    Region$$Table$$Limit                     0x08005484   Number         0  anon$$obj.o(Region$$Table)
    quare                                    0x20000000   Data          38  main.o(.data)
    jiaodu                                   0x20000026   Data           2  main.o(.data)
    RxFlag                                   0x20000028   Data           1  main.o(.data)
    RecCount                                 0x20000029   Data           1  main.o(.data)
    Usart_RxFlag                             0x2000002a   Data           1  main.o(.data)
    delay_time                               0x2000002b   Data           1  main.o(.data)
    x0                                       0x20000030   Data           8  main.o(.data)
    y0                                       0x20000038   Data           8  main.o(.data)
    m                                        0x20000040   Data           8  main.o(.data)
    a1                                       0x20000048   Data           8  main.o(.data)
    a2                                       0x20000050   Data           8  main.o(.data)
    a3                                       0x20000058   Data           8  main.o(.data)
    angle1                                   0x20000060   Data           8  main.o(.data)
    angle2                                   0x20000068   Data           8  main.o(.data)
    angle3                                   0x20000070   Data           8  main.o(.data)
    theta1                                   0x20000078   Data           8  main.o(.data)
    theta2                                   0x20000080   Data           8  main.o(.data)
    theta3                                   0x20000088   Data           8  main.o(.data)
    theta4                                   0x20000090   Data           8  main.o(.data)
    count                                    0x20000098   Data           4  main.o(.data)
    uwTick                                   0x2000009c   Data           4  stm32f1xx_hal.o(.data)
    uwTickPrio                               0x200000a0   Data           4  stm32f1xx_hal.o(.data)
    uwTickFreq                               0x200000a4   Data           1  stm32f1xx_hal.o(.data)
    SystemCoreClock                          0x200000a8   Data           4  system_stm32f1xx.o(.data)
    __stdout                                 0x200000ac   Data           4  printf.o(.data)
    USART_RX_BUF                             0x200000b0   Data           5  printf.o(.data)
    USART_RX_STA                             0x200000b6   Data           2  printf.o(.data)
    RxBuffer                                 0x200000b8   Data          20  main.o(.bss)
    USART1_RxBuffer                          0x200000cc   Data         100  main.o(.bss)
    htim3                                    0x20000130   Data          72  tim.o(.bss)
    huart1                                   0x20000178   Data          72  usart.o(.bss)
    hdma_usart1_tx                           0x200001c0   Data          68  usart.o(.bss)
    hdma_usart1_rx                           0x20000204   Data          68  usart.o(.bss)
    __libspace_start                         0x20000248   Data          96  libspace.o(.bss)
    __temporary_stack_top$libspace           0x200002a8   Data           0  libspace.o(.bss)



==============================================================================

Memory Map of the image

  Image Entry point : 0x080000ed

  Load Region LR_IROM1 (Base: 0x08000000, Size: 0x00005558, Max: 0x00020000, ABSOLUTE)

    Execution Region ER_IROM1 (Exec base: 0x08000000, Load base: 0x08000000, Size: 0x000054a0, Max: 0x00020000, ABSOLUTE)

    Exec Addr    Load Addr    Size         Type   Attr      Idx    E Section Name        Object

    0x08000000   0x08000000   0x000000ec   Data   RO            3    RESET               startup_stm32f103xb.o
    0x080000ec   0x080000ec   0x00000008   Code   RO         3008  * !!!main             c_w.l(__main.o)
    0x080000f4   0x080000f4   0x00000034   Code   RO         3313    !!!scatter          c_w.l(__scatter.o)
    0x08000128   0x08000128   0x0000001a   Code   RO         3315    !!handler_copy      c_w.l(__scatter_copy.o)
    0x08000142   0x08000142   0x00000002   PAD
    0x08000144   0x08000144   0x0000001c   Code   RO         3317    !!handler_zi        c_w.l(__scatter_zi.o)
    0x08000160   0x08000160   0x00000000   Code   RO         3003    .ARM.Collect$$_printf_percent$$00000000  c_w.l(_printf_percent.o)
    0x08000160   0x08000160   0x00000006   Code   RO         3002    .ARM.Collect$$_printf_percent$$00000003  c_w.l(_printf_f.o)
    0x08000166   0x08000166   0x00000004   Code   RO         3071    .ARM.Collect$$_printf_percent$$00000017  c_w.l(_printf_percent_end.o)
    0x0800016a   0x0800016a   0x00000002   Code   RO         3186    .ARM.Collect$$libinit$$00000000  c_w.l(libinit.o)
    0x0800016c   0x0800016c   0x00000000   Code   RO         3188    .ARM.Collect$$libinit$$00000002  c_w.l(libinit2.o)
    0x0800016c   0x0800016c   0x00000000   Code   RO         3190    .ARM.Collect$$libinit$$00000004  c_w.l(libinit2.o)
    0x0800016c   0x0800016c   0x00000000   Code   RO         3193    .ARM.Collect$$libinit$$0000000A  c_w.l(libinit2.o)
    0x0800016c   0x0800016c   0x00000000   Code   RO         3195    .ARM.Collect$$libinit$$0000000C  c_w.l(libinit2.o)
    0x0800016c   0x0800016c   0x00000000   Code   RO         3197    .ARM.Collect$$libinit$$0000000E  c_w.l(libinit2.o)
    0x0800016c   0x0800016c   0x00000006   Code   RO         3198    .ARM.Collect$$libinit$$0000000F  c_w.l(libinit2.o)
    0x08000172   0x08000172   0x00000000   Code   RO         3200    .ARM.Collect$$libinit$$00000011  c_w.l(libinit2.o)
    0x08000172   0x08000172   0x00000000   Code   RO         3202    .ARM.Collect$$libinit$$00000013  c_w.l(libinit2.o)
    0x08000172   0x08000172   0x00000000   Code   RO         3204    .ARM.Collect$$libinit$$00000015  c_w.l(libinit2.o)
    0x08000172   0x08000172   0x0000000a   Code   RO         3205    .ARM.Collect$$libinit$$00000016  c_w.l(libinit2.o)
    0x0800017c   0x0800017c   0x00000000   Code   RO         3206    .ARM.Collect$$libinit$$00000017  c_w.l(libinit2.o)
    0x0800017c   0x0800017c   0x00000000   Code   RO         3208    .ARM.Collect$$libinit$$00000019  c_w.l(libinit2.o)
    0x0800017c   0x0800017c   0x00000000   Code   RO         3210    .ARM.Collect$$libinit$$0000001B  c_w.l(libinit2.o)
    0x0800017c   0x0800017c   0x00000000   Code   RO         3212    .ARM.Collect$$libinit$$0000001D  c_w.l(libinit2.o)
    0x0800017c   0x0800017c   0x00000000   Code   RO         3214    .ARM.Collect$$libinit$$0000001F  c_w.l(libinit2.o)
    0x0800017c   0x0800017c   0x00000000   Code   RO         3216    .ARM.Collect$$libinit$$00000021  c_w.l(libinit2.o)
    0x0800017c   0x0800017c   0x00000000   Code   RO         3218    .ARM.Collect$$libinit$$00000023  c_w.l(libinit2.o)
    0x0800017c   0x0800017c   0x00000000   Code   RO         3220    .ARM.Collect$$libinit$$00000025  c_w.l(libinit2.o)
    0x0800017c   0x0800017c   0x00000000   Code   RO         3224    .ARM.Collect$$libinit$$0000002C  c_w.l(libinit2.o)
    0x0800017c   0x0800017c   0x00000000   Code   RO         3226    .ARM.Collect$$libinit$$0000002E  c_w.l(libinit2.o)
    0x0800017c   0x0800017c   0x00000000   Code   RO         3228    .ARM.Collect$$libinit$$00000030  c_w.l(libinit2.o)
    0x0800017c   0x0800017c   0x00000000   Code   RO         3230    .ARM.Collect$$libinit$$00000032  c_w.l(libinit2.o)
    0x0800017c   0x0800017c   0x00000002   Code   RO         3231    .ARM.Collect$$libinit$$00000033  c_w.l(libinit2.o)
    0x0800017e   0x0800017e   0x00000002   Code   RO         3263    .ARM.Collect$$libshutdown$$00000000  c_w.l(libshutdown.o)
    0x08000180   0x08000180   0x00000000   Code   RO         3272    .ARM.Collect$$libshutdown$$00000002  c_w.l(libshutdown2.o)
    0x08000180   0x08000180   0x00000000   Code   RO         3274    .ARM.Collect$$libshutdown$$00000004  c_w.l(libshutdown2.o)
    0x08000180   0x08000180   0x00000000   Code   RO         3277    .ARM.Collect$$libshutdown$$00000007  c_w.l(libshutdown2.o)
    0x08000180   0x08000180   0x00000000   Code   RO         3280    .ARM.Collect$$libshutdown$$0000000A  c_w.l(libshutdown2.o)
    0x08000180   0x08000180   0x00000000   Code   RO         3282    .ARM.Collect$$libshutdown$$0000000C  c_w.l(libshutdown2.o)
    0x08000180   0x08000180   0x00000000   Code   RO         3285    .ARM.Collect$$libshutdown$$0000000F  c_w.l(libshutdown2.o)
    0x08000180   0x08000180   0x00000002   Code   RO         3286    .ARM.Collect$$libshutdown$$00000010  c_w.l(libshutdown2.o)
    0x08000182   0x08000182   0x00000000   Code   RO         3064    .ARM.Collect$$rtentry$$00000000  c_w.l(__rtentry.o)
    0x08000182   0x08000182   0x00000000   Code   RO         3102    .ARM.Collect$$rtentry$$00000002  c_w.l(__rtentry2.o)
    0x08000182   0x08000182   0x00000006   Code   RO         3114    .ARM.Collect$$rtentry$$00000004  c_w.l(__rtentry4.o)
    0x08000188   0x08000188   0x00000000   Code   RO         3104    .ARM.Collect$$rtentry$$00000009  c_w.l(__rtentry2.o)
    0x08000188   0x08000188   0x00000004   Code   RO         3105    .ARM.Collect$$rtentry$$0000000A  c_w.l(__rtentry2.o)
    0x0800018c   0x0800018c   0x00000000   Code   RO         3107    .ARM.Collect$$rtentry$$0000000C  c_w.l(__rtentry2.o)
    0x0800018c   0x0800018c   0x00000008   Code   RO         3108    .ARM.Collect$$rtentry$$0000000D  c_w.l(__rtentry2.o)
    0x08000194   0x08000194   0x00000002   Code   RO         3234    .ARM.Collect$$rtexit$$00000000  c_w.l(rtexit.o)
    0x08000196   0x08000196   0x00000000   Code   RO         3243    .ARM.Collect$$rtexit$$00000002  c_w.l(rtexit2.o)
    0x08000196   0x08000196   0x00000004   Code   RO         3244    .ARM.Collect$$rtexit$$00000003  c_w.l(rtexit2.o)
    0x0800019a   0x0800019a   0x00000006   Code   RO         3245    .ARM.Collect$$rtexit$$00000004  c_w.l(rtexit2.o)
    0x080001a0   0x080001a0   0x00000040   Code   RO            4    .text               startup_stm32f103xb.o
    0x080001e0   0x080001e0   0x00000002   Code   RO         2972    .text               c_w.l(use_no_semi_2.o)
    0x080001e2   0x080001e2   0x00000002   PAD
    0x080001e4   0x080001e4   0x00000018   Code   RO         2978    .text               c_w.l(noretval__2printf.o)
    0x080001fc   0x080001fc   0x00000068   Code   RO         2980    .text               c_w.l(__printf.o)
    0x08000264   0x08000264   0x0000004e   Code   RO         3004    .text               c_w.l(rt_memclr_w.o)
    0x080002b2   0x080002b2   0x00000006   Code   RO         3006    .text               c_w.l(heapauxi.o)
    0x080002b8   0x080002b8   0x00000002   Code   RO         3062    .text               c_w.l(use_no_semi.o)
    0x080002ba   0x080002ba   0x00000016   Code   RO         3065    .text               c_w.l(_rserrno.o)
    0x080002d0   0x080002d0   0x0000041e   Code   RO         3067    .text               c_w.l(_printf_fp_dec.o)
    0x080006ee   0x080006ee   0x00000002   PAD
    0x080006f0   0x080006f0   0x00000024   Code   RO         3069    .text               c_w.l(_printf_char_file.o)
    0x08000714   0x08000714   0x00000008   Code   RO         3119    .text               c_w.l(rt_locale_intlibspace.o)
    0x0800071c   0x0800071c   0x00000008   Code   RO         3124    .text               c_w.l(rt_errno_addr_intlibspace.o)
    0x08000724   0x08000724   0x0000008a   Code   RO         3126    .text               c_w.l(lludiv10.o)
    0x080007ae   0x080007ae   0x00000002   PAD
    0x080007b0   0x080007b0   0x00000030   Code   RO         3128    .text               c_w.l(_printf_char_common.o)
    0x080007e0   0x080007e0   0x00000080   Code   RO         3130    .text               c_w.l(_printf_fp_infnan.o)
    0x08000860   0x08000860   0x000000e4   Code   RO         3132    .text               c_w.l(bigflt0.o)
    0x08000944   0x08000944   0x00000008   Code   RO         3157    .text               c_w.l(ferror.o)
    0x0800094c   0x0800094c   0x00000008   Code   RO         3170    .text               c_w.l(libspace.o)
    0x08000954   0x08000954   0x0000004a   Code   RO         3173    .text               c_w.l(sys_stackheap_outer.o)
    0x0800099e   0x0800099e   0x00000012   Code   RO         3177    .text               c_w.l(exit.o)
    0x080009b0   0x080009b0   0x00000080   Code   RO         3179    .text               c_w.l(strcmpv7m.o)
    0x08000a30   0x08000a30   0x0000003e   Code   RO         3135    CL$$btod_d2e        c_w.l(btod.o)
    0x08000a6e   0x08000a6e   0x00000046   Code   RO         3137    CL$$btod_d2e_denorm_low  c_w.l(btod.o)
    0x08000ab4   0x08000ab4   0x00000060   Code   RO         3136    CL$$btod_d2e_norm_op1  c_w.l(btod.o)
    0x08000b14   0x08000b14   0x00000338   Code   RO         3145    CL$$btod_div_common  c_w.l(btod.o)
    0x08000e4c   0x08000e4c   0x000000dc   Code   RO         3142    CL$$btod_e2e        c_w.l(btod.o)
    0x08000f28   0x08000f28   0x0000002a   Code   RO         3139    CL$$btod_ediv       c_w.l(btod.o)
    0x08000f52   0x08000f52   0x0000002a   Code   RO         3138    CL$$btod_emul       c_w.l(btod.o)
    0x08000f7c   0x08000f7c   0x00000244   Code   RO         3144    CL$$btod_mult_common  c_w.l(btod.o)
    0x080011c0   0x080011c0   0x00000004   Code   RO          311    i.BusFault_Handler  stm32f1xx_it.o
    0x080011c4   0x080011c4   0x00000010   Code   RO          312    i.DMA1_Channel4_IRQHandler  stm32f1xx_it.o
    0x080011d4   0x080011d4   0x00000010   Code   RO          313    i.DMA1_Channel5_IRQHandler  stm32f1xx_it.o
    0x080011e4   0x080011e4   0x0000002c   Code   RO         1840    i.DMA_SetConfig     stm32f1xx_hal_dma.o
    0x08001210   0x08001210   0x00000002   Code   RO          314    i.DebugMon_Handler  stm32f1xx_it.o
    0x08001212   0x08001212   0x00000006   Code   RO           13    i.Error_Handler     main.o
    0x08001218   0x08001218   0x00000056   Code   RO         1841    i.HAL_DMA_Abort     stm32f1xx_hal_dma.o
    0x0800126e   0x0800126e   0x00000002   PAD
    0x08001270   0x08001270   0x000000b0   Code   RO         1842    i.HAL_DMA_Abort_IT  stm32f1xx_hal_dma.o
    0x08001320   0x08001320   0x0000019c   Code   RO         1846    i.HAL_DMA_IRQHandler  stm32f1xx_hal_dma.o
    0x080014bc   0x080014bc   0x00000068   Code   RO         1847    i.HAL_DMA_Init      stm32f1xx_hal_dma.o
    0x08001524   0x08001524   0x0000009c   Code   RO         1851    i.HAL_DMA_Start_IT  stm32f1xx_hal_dma.o
    0x080015c0   0x080015c0   0x00000028   Code   RO         1462    i.HAL_Delay         stm32f1xx_hal.o
    0x080015e8   0x080015e8   0x00000320   Code   RO         1777    i.HAL_GPIO_Init     stm32f1xx_hal_gpio.o
    0x08001908   0x08001908   0x00000014   Code   RO         1780    i.HAL_GPIO_TogglePin  stm32f1xx_hal_gpio.o
    0x0800191c   0x0800191c   0x0000000c   Code   RO         1781    i.HAL_GPIO_WritePin  stm32f1xx_hal_gpio.o
    0x08001928   0x08001928   0x0000000c   Code   RO         1466    i.HAL_GetTick       stm32f1xx_hal.o
    0x08001934   0x08001934   0x00000018   Code   RO         1472    i.HAL_IncTick       stm32f1xx_hal.o
    0x0800194c   0x0800194c   0x00000028   Code   RO         1473    i.HAL_Init          stm32f1xx_hal.o
    0x08001974   0x08001974   0x0000004c   Code   RO         1474    i.HAL_InitTick      stm32f1xx_hal.o
    0x080019c0   0x080019c0   0x00000054   Code   RO          411    i.HAL_MspInit       stm32f1xx_hal_msp.o
    0x08001a14   0x08001a14   0x00000020   Code   RO         1937    i.HAL_NVIC_EnableIRQ  stm32f1xx_hal_cortex.o
    0x08001a34   0x08001a34   0x0000007c   Code   RO         1943    i.HAL_NVIC_SetPriority  stm32f1xx_hal_cortex.o
    0x08001ab0   0x08001ab0   0x00000028   Code   RO         1944    i.HAL_NVIC_SetPriorityGrouping  stm32f1xx_hal_cortex.o
    0x08001ad8   0x08001ad8   0x0000018c   Code   RO         1630    i.HAL_RCC_ClockConfig  stm32f1xx_hal_rcc.o
    0x08001c64   0x08001c64   0x0000000c   Code   RO         1635    i.HAL_RCC_GetHCLKFreq  stm32f1xx_hal_rcc.o
    0x08001c70   0x08001c70   0x00000020   Code   RO         1637    i.HAL_RCC_GetPCLK1Freq  stm32f1xx_hal_rcc.o
    0x08001c90   0x08001c90   0x00000020   Code   RO         1638    i.HAL_RCC_GetPCLK2Freq  stm32f1xx_hal_rcc.o
    0x08001cb0   0x08001cb0   0x00000070   Code   RO         1639    i.HAL_RCC_GetSysClockFreq  stm32f1xx_hal_rcc.o
    0x08001d20   0x08001d20   0x00000464   Code   RO         1642    i.HAL_RCC_OscConfig  stm32f1xx_hal_rcc.o
    0x08002184   0x08002184   0x00000034   Code   RO         1948    i.HAL_SYSTICK_Config  stm32f1xx_hal_cortex.o
    0x080021b8   0x080021b8   0x00000002   Code   RO         1188    i.HAL_TIMEx_BreakCallback  stm32f1xx_hal_tim_ex.o
    0x080021ba   0x080021ba   0x00000002   Code   RO         1189    i.HAL_TIMEx_CommutCallback  stm32f1xx_hal_tim_ex.o
    0x080021bc   0x080021bc   0x00000084   Code   RO         1207    i.HAL_TIMEx_MasterConfigSynchronization  stm32f1xx_hal_tim_ex.o
    0x08002240   0x08002240   0x00000066   Code   RO          473    i.HAL_TIM_Base_Init  stm32f1xx_hal_tim.o
    0x080022a6   0x080022a6   0x00000002   PAD
    0x080022a8   0x080022a8   0x00000044   Code   RO          228    i.HAL_TIM_Base_MspInit  tim.o
    0x080022ec   0x080022ec   0x00000078   Code   RO          478    i.HAL_TIM_Base_Start_IT  stm32f1xx_hal_tim.o
    0x08002364   0x08002364   0x0000010c   Code   RO          482    i.HAL_TIM_ConfigClockSource  stm32f1xx_hal_tim.o
    0x08002470   0x08002470   0x00000002   Code   RO          507    i.HAL_TIM_IC_CaptureCallback  stm32f1xx_hal_tim.o
    0x08002472   0x08002472   0x00000196   Code   RO          521    i.HAL_TIM_IRQHandler  stm32f1xx_hal_tim.o
    0x08002608   0x08002608   0x00000002   Code   RO          524    i.HAL_TIM_OC_DelayElapsedCallback  stm32f1xx_hal_tim.o
    0x0800260a   0x0800260a   0x00000002   Code   RO          551    i.HAL_TIM_PWM_PulseFinishedCallback  stm32f1xx_hal_tim.o
    0x0800260c   0x0800260c   0x00000218   Code   RO           14    i.HAL_TIM_PeriodElapsedCallback  main.o
    0x08002824   0x08002824   0x00000002   Code   RO          564    i.HAL_TIM_TriggerCallback  stm32f1xx_hal_tim.o
    0x08002826   0x08002826   0x00000002   Code   RO         2475    i.HAL_UARTEx_RxEventCallback  stm32f1xx_hal_uart.o
    0x08002828   0x08002828   0x0000008a   Code   RO         2487    i.HAL_UART_DMAStop  stm32f1xx_hal_uart.o
    0x080028b2   0x080028b2   0x00000002   Code   RO         2489    i.HAL_UART_ErrorCallback  stm32f1xx_hal_uart.o
    0x080028b4   0x080028b4   0x000002e4   Code   RO         2492    i.HAL_UART_IRQHandler  stm32f1xx_hal_uart.o
    0x08002b98   0x08002b98   0x00000076   Code   RO         2493    i.HAL_UART_Init     stm32f1xx_hal_uart.o
    0x08002c0e   0x08002c0e   0x00000002   PAD
    0x08002c10   0x08002c10   0x00000108   Code   RO          270    i.HAL_UART_MspInit  usart.o
    0x08002d18   0x08002d18   0x0000002c   Code   RO         2497    i.HAL_UART_Receive_DMA  stm32f1xx_hal_uart.o
    0x08002d44   0x08002d44   0x00000002   Code   RO         2499    i.HAL_UART_RxCpltCallback  stm32f1xx_hal_uart.o
    0x08002d46   0x08002d46   0x00000002   Code   RO         2500    i.HAL_UART_RxHalfCpltCallback  stm32f1xx_hal_uart.o
    0x08002d48   0x08002d48   0x000000b2   Code   RO         2501    i.HAL_UART_Transmit  stm32f1xx_hal_uart.o
    0x08002dfa   0x08002dfa   0x00000002   PAD
    0x08002dfc   0x08002dfc   0x0000008c   Code   RO         2502    i.HAL_UART_Transmit_DMA  stm32f1xx_hal_uart.o
    0x08002e88   0x08002e88   0x00000002   Code   RO         2504    i.HAL_UART_TxCpltCallback  stm32f1xx_hal_uart.o
    0x08002e8a   0x08002e8a   0x00000002   Code   RO         2505    i.HAL_UART_TxHalfCpltCallback  stm32f1xx_hal_uart.o
    0x08002e8c   0x08002e8c   0x00000004   Code   RO          315    i.HardFault_Handler  stm32f1xx_it.o
    0x08002e90   0x08002e90   0x00000044   Code   RO          203    i.MX_DMA_Init       dma.o
    0x08002ed4   0x08002ed4   0x0000011c   Code   RO          179    i.MX_GPIO_Init      gpio.o
    0x08002ff0   0x08002ff0   0x0000006c   Code   RO          229    i.MX_TIM3_Init      tim.o
    0x0800305c   0x0800305c   0x00000038   Code   RO          271    i.MX_USART1_UART_Init  usart.o
    0x08003094   0x08003094   0x00000004   Code   RO          316    i.MemManage_Handler  stm32f1xx_it.o
    0x08003098   0x08003098   0x00000004   Code   RO          317    i.NMI_Handler       stm32f1xx_it.o
    0x0800309c   0x0800309c   0x00000002   Code   RO          318    i.PendSV_Handler    stm32f1xx_it.o
    0x0800309e   0x0800309e   0x00000002   PAD
    0x080030a0   0x080030a0   0x00000028   Code   RO         1643    i.RCC_Delay         stm32f1xx_hal_rcc.o
    0x080030c8   0x080030c8   0x00000002   Code   RO          319    i.SVC_Handler       stm32f1xx_it.o
    0x080030ca   0x080030ca   0x00000008   Code   RO          320    i.SysTick_Handler   stm32f1xx_it.o
    0x080030d2   0x080030d2   0x00000066   Code   RO           15    i.SystemClock_Config  main.o
    0x08003138   0x08003138   0x00000002   Code   RO         2837    i.SystemInit        system_stm32f1xx.o
    0x0800313a   0x0800313a   0x00000002   PAD
    0x0800313c   0x0800313c   0x00000010   Code   RO          321    i.TIM3_IRQHandler   stm32f1xx_it.o
    0x0800314c   0x0800314c   0x00000074   Code   RO          566    i.TIM_Base_SetConfig  stm32f1xx_hal_tim.o
    0x080031c0   0x080031c0   0x00000016   Code   RO          577    i.TIM_ETR_SetConfig  stm32f1xx_hal_tim.o
    0x080031d6   0x080031d6   0x00000012   Code   RO          578    i.TIM_ITRx_SetConfig  stm32f1xx_hal_tim.o
    0x080031e8   0x080031e8   0x00000026   Code   RO          584    i.TIM_TI1_ConfigInputStage  stm32f1xx_hal_tim.o
    0x0800320e   0x0800320e   0x00000028   Code   RO          586    i.TIM_TI2_ConfigInputStage  stm32f1xx_hal_tim.o
    0x08003236   0x08003236   0x00000014   Code   RO         2506    i.UART_DMAAbortOnError  stm32f1xx_hal_uart.o
    0x0800324a   0x0800324a   0x00000050   Code   RO         2507    i.UART_DMAError     stm32f1xx_hal_uart.o
    0x0800329a   0x0800329a   0x000000b4   Code   RO         2508    i.UART_DMAReceiveCplt  stm32f1xx_hal_uart.o
    0x0800334e   0x0800334e   0x00000024   Code   RO         2510    i.UART_DMARxHalfCplt  stm32f1xx_hal_uart.o
    0x08003372   0x08003372   0x00000058   Code   RO         2512    i.UART_DMATransmitCplt  stm32f1xx_hal_uart.o
    0x080033ca   0x080033ca   0x0000000e   Code   RO         2514    i.UART_DMATxHalfCplt  stm32f1xx_hal_uart.o
    0x080033d8   0x080033d8   0x0000006c   Code   RO         2516    i.UART_EndRxTransfer  stm32f1xx_hal_uart.o
    0x08003444   0x08003444   0x00000020   Code   RO         2517    i.UART_EndTransmit_IT  stm32f1xx_hal_uart.o
    0x08003464   0x08003464   0x00000026   Code   RO         2518    i.UART_EndTxTransfer  stm32f1xx_hal_uart.o
    0x0800348a   0x0800348a   0x000000fc   Code   RO         2519    i.UART_Receive_IT   stm32f1xx_hal_uart.o
    0x08003586   0x08003586   0x00000002   PAD
    0x08003588   0x08003588   0x000000fc   Code   RO         2520    i.UART_SetConfig    stm32f1xx_hal_uart.o
    0x08003684   0x08003684   0x000000c8   Code   RO         2521    i.UART_Start_Receive_DMA  stm32f1xx_hal_uart.o
    0x0800374c   0x0800374c   0x00000060   Code   RO         2523    i.UART_Transmit_IT  stm32f1xx_hal_uart.o
    0x080037ac   0x080037ac   0x00000092   Code   RO         2524    i.UART_WaitOnFlagUntilTimeout  stm32f1xx_hal_uart.o
    0x0800383e   0x0800383e   0x00000002   PAD
    0x08003840   0x08003840   0x00000070   Code   RO          322    i.USART1_IRQHandler  stm32f1xx_it.o
    0x080038b0   0x080038b0   0x00000004   Code   RO          323    i.UsageFault_Handler  stm32f1xx_it.o
    0x080038b4   0x080038b4   0x00000028   Code   RO         3097    i.__ARM_fpclassify  m_ws.l(fpclassify.o)
    0x080038dc   0x080038dc   0x00000010   Code   RO         1950    i.__NVIC_GetPriorityGrouping  stm32f1xx_hal_cortex.o
    0x080038ec   0x080038ec   0x00000028   Code   RO         1951    i.__NVIC_SetPriority  stm32f1xx_hal_cortex.o
    0x08003914   0x08003914   0x000000aa   Code   RO         3099    i.__kernel_poly     m_ws.l(poly.o)
    0x080039be   0x080039be   0x00000006   Code   RO         3084    i.__mathlib_dbl_infnan  m_ws.l(dunder.o)
    0x080039c4   0x080039c4   0x0000000c   Code   RO         3086    i.__mathlib_dbl_invalid  m_ws.l(dunder.o)
    0x080039d0   0x080039d0   0x00000010   Code   RO         3089    i.__mathlib_dbl_underflow  m_ws.l(dunder.o)
    0x080039e0   0x080039e0   0x00000004   Code   RO         2873    i._sys_exit         printf.o
    0x080039e4   0x080039e4   0x0000027c   Code   RO         3035    i.acos              m_ws.l(acos.o)
    0x08003c60   0x08003c60   0x00000220   Code   RO         3045    i.atan              m_ws.l(atan.o)
    0x08003e80   0x08003e80   0x000000cc   Code   RO         2916    i.control_duoji     duoji.o
    0x08003f4c   0x08003f4c   0x0000001c   Code   RO         2874    i.fputc             printf.o
    0x08003f68   0x08003f68   0x000002e8   Code   RO           16    i.main              main.o
    0x08004250   0x08004250   0x0000004c   Code   RO         3055    i.sqrt              m_ws.l(sqrt.o)
    0x0800429c   0x0800429c   0x000004b0   Code   RO         2944    i.thetacount        count_theta.o
    0x0800474c   0x0800474c   0x0000002c   Code   RO         3162    locale$$code        c_w.l(lc_numeric_c.o)
    0x08004778   0x08004778   0x00000150   Code   RO         3010    x$fpl$dadd          fz_ws.l(daddsub_clz.o)
    0x080048c8   0x080048c8   0x00000010   Code   RO         3164    x$fpl$dcheck1       fz_ws.l(dcheck1.o)
    0x080048d8   0x080048d8   0x000002b0   Code   RO         3017    x$fpl$ddiv          fz_ws.l(ddiv.o)
    0x08004b88   0x08004b88   0x0000005a   Code   RO         3020    x$fpl$dfixu         fz_ws.l(dfixu.o)
    0x08004be2   0x08004be2   0x0000002e   Code   RO         3025    x$fpl$dflt          fz_ws.l(dflt_clz.o)
    0x08004c10   0x08004c10   0x00000154   Code   RO         3030    x$fpl$dmul          fz_ws.l(dmul.o)
    0x08004d64   0x08004d64   0x0000009c   Code   RO         3074    x$fpl$dnaninf       fz_ws.l(dnaninf.o)
    0x08004e00   0x08004e00   0x0000000c   Code   RO         3076    x$fpl$dretinf       fz_ws.l(dretinf.o)
    0x08004e0c   0x08004e0c   0x00000016   Code   RO         3011    x$fpl$drsb          fz_ws.l(daddsub_clz.o)
    0x08004e22   0x08004e22   0x00000002   PAD
    0x08004e24   0x08004e24   0x000001cc   Code   RO         3078    x$fpl$dsqrt         fz_ws.l(dsqrt_noumaal.o)
    0x08004ff0   0x08004ff0   0x000001d4   Code   RO         3012    x$fpl$dsub          fz_ws.l(daddsub_clz.o)
    0x080051c4   0x080051c4   0x00000004   Code   RO         3032    x$fpl$printf1       fz_ws.l(printf1.o)
    0x080051c8   0x080051c8   0x00000064   Code   RO         3232    x$fpl$retnan        fz_ws.l(retnan.o)
    0x0800522c   0x0800522c   0x0000005c   Code   RO         3080    x$fpl$scalbn        fz_ws.l(scalbn.o)
    0x08005288   0x08005288   0x00000030   Code   RO         3240    x$fpl$trapveneer    fz_ws.l(trapv.o)
    0x080052b8   0x080052b8   0x00000000   Code   RO         3082    x$fpl$usenofp       fz_ws.l(usenofp.o)
    0x080052b8   0x080052b8   0x00000012   Data   RO         1644    .constdata          stm32f1xx_hal_rcc.o
    0x080052ca   0x080052ca   0x00000018   Data   RO         2838    .constdata          system_stm32f1xx.o
    0x080052e2   0x080052e2   0x00000006   PAD
    0x080052e8   0x080052e8   0x00000050   Data   RO         3036    .constdata          m_ws.l(acos.o)
    0x08005338   0x08005338   0x00000098   Data   RO         3046    .constdata          m_ws.l(atan.o)
    0x080053d0   0x080053d0   0x00000094   Data   RO         3133    .constdata          c_w.l(bigflt0.o)
    0x08005464   0x08005464   0x00000020   Data   RO         3311    Region$$Table       anon$$obj.o
    0x08005484   0x08005484   0x0000001c   Data   RO         3161    locale$$data        c_w.l(lc_numeric_c.o)


    Execution Region RW_IRAM1 (Exec base: 0x20000000, Load base: 0x080054a0, Size: 0x000008a8, Max: 0x00005000, ABSOLUTE)

    Exec Addr    Load Addr    Size         Type   Attr      Idx    E Section Name        Object

    0x20000000   0x080054a0   0x0000009c   Data   RW           18    .data               main.o
    0x2000009c   0x0800553c   0x00000009   Data   RW         1480    .data               stm32f1xx_hal.o
    0x200000a5   0x08005545   0x00000003   PAD
    0x200000a8   0x08005548   0x00000004   Data   RW         2839    .data               system_stm32f1xx.o
    0x200000ac   0x0800554c   0x0000000c   Data   RW         2875    .data               printf.o
    0x200000b8        -       0x00000078   Zero   RW           17    .bss                main.o
    0x20000130        -       0x00000048   Zero   RW          230    .bss                tim.o
    0x20000178        -       0x000000d0   Zero   RW          272    .bss                usart.o
    0x20000248        -       0x00000060   Zero   RW         3171    .bss                c_w.l(libspace.o)
    0x200002a8        -       0x00000200   Zero   RW            2    HEAP                startup_stm32f103xb.o
    0x200004a8        -       0x00000400   Zero   RW            1    STACK               startup_stm32f103xb.o


==============================================================================

Image component sizes


      Code (inc. data)   RO Data    RW Data    ZI Data      Debug   Object Name

      1200        278          0          0          0        565   count_theta.o
        68          4          0          0          0        682   dma.o
       204          4          0          0          0        512   duoji.o
       284         16          0          0          0        939   gpio.o
      1388         90          0        156        120     428912   main.o
        32          6          0         12          0       2600   printf.o
        64         26        236          0       1536        776   startup_stm32f103xb.o
       192         36          0          9          0       5617   stm32f1xx_hal.o
       304         22          0          0          0      29179   stm32f1xx_hal_cortex.o
       978         12          0          0          0       4622   stm32f1xx_hal_dma.o
       832         34          0          0          0       3153   stm32f1xx_hal_gpio.o
        84          8          0          0          0        826   stm32f1xx_hal_msp.o
      1748         98         18          0          0       5696   stm32f1xx_hal_rcc.o
      1138         26          0          0          0       8791   stm32f1xx_hal_tim.o
       136         14          0          0          0       2293   stm32f1xx_hal_tim_ex.o
      2912         34          0          0          0      18515   stm32f1xx_hal_uart.o
       194         34          0          0          0       6068   stm32f1xx_it.o
         2          0         24          4          0       1019   system_stm32f1xx.o
       176         20          0          0         72       1506   tim.o
       320         34          0          0        208       1704   usart.o

    ----------------------------------------------------------------------
     12272        796        316        184       1936     523975   Object Totals
         0          0         32          0          0          0   (incl. Generated)
        16          0          6          3          0          0   (incl. Padding)

    ----------------------------------------------------------------------

      Code (inc. data)   RO Data    RW Data    ZI Data      Debug   Library Member Name

         8          0          0          0          0         68   __main.o
       104          0          0          0          0         84   __printf.o
         0          0          0          0          0          0   __rtentry.o
        12          0          0          0          0          0   __rtentry2.o
         6          0          0          0          0          0   __rtentry4.o
        52          8          0          0          0          0   __scatter.o
        26          0          0          0          0          0   __scatter_copy.o
        28          0          0          0          0          0   __scatter_zi.o
        48          6          0          0          0         96   _printf_char_common.o
        36          4          0          0          0         80   _printf_char_file.o
         6          0          0          0          0          0   _printf_f.o
      1054          0          0          0          0        216   _printf_fp_dec.o
       128         16          0          0          0         84   _printf_fp_infnan.o
         0          0          0          0          0          0   _printf_percent.o
         4          0          0          0          0          0   _printf_percent_end.o
        22          0          0          0          0        100   _rserrno.o
       228          4        148          0          0         96   bigflt0.o
      1936        128          0          0          0        672   btod.o
        18          0          0          0          0         80   exit.o
         8          0          0          0          0         68   ferror.o
         6          0          0          0          0        152   heapauxi.o
        44         10         28          0          0         76   lc_numeric_c.o
         2          0          0          0          0          0   libinit.o
        18          0          0          0          0          0   libinit2.o
         2          0          0          0          0          0   libshutdown.o
         2          0          0          0          0          0   libshutdown2.o
         8          4          0          0         96         68   libspace.o
       138          0          0          0          0         80   lludiv10.o
        24          4          0          0          0         84   noretval__2printf.o
         8          4          0          0          0         68   rt_errno_addr_intlibspace.o
         8          4          0          0          0         68   rt_locale_intlibspace.o
        78          0          0          0          0         80   rt_memclr_w.o
         2          0          0          0          0          0   rtexit.o
        10          0          0          0          0          0   rtexit2.o
       128          0          0          0          0         68   strcmpv7m.o
        74          0          0          0          0         80   sys_stackheap_outer.o
         2          0          0          0          0         68   use_no_semi.o
         2          0          0          0          0         68   use_no_semi_2.o
       826         16          0          0          0        348   daddsub_clz.o
        16          4          0          0          0         68   dcheck1.o
       688        140          0          0          0        208   ddiv.o
        90          4          0          0          0         92   dfixu.o
        46          0          0          0          0         68   dflt_clz.o
       340         12          0          0          0        104   dmul.o
       156          4          0          0          0         92   dnaninf.o
        12          0          0          0          0         68   dretinf.o
       460         56          0          0          0        120   dsqrt_noumaal.o
         4          0          0          0          0         68   printf1.o
       100          0          0          0          0         68   retnan.o
        92          0          0          0          0         68   scalbn.o
        48          0          0          0          0         68   trapv.o
         0          0          0          0          0          0   usenofp.o
       636         62         80          0          0        188   acos.o
       544         70        152          0          0        124   atan.o
        34          6          0          0          0        204   dunder.o
        40          0          0          0          0         68   fpclassify.o
       170          0          0          0          0         96   poly.o
        76          0          0          0          0         84   sqrt.o

    ----------------------------------------------------------------------
      8668        566        408          0         96       4808   Library Totals
        10          0          0          0          0          0   (incl. Padding)

    ----------------------------------------------------------------------

      Code (inc. data)   RO Data    RW Data    ZI Data      Debug   Library Name

      4280        192        176          0         96       2604   c_w.l
      2878        236          0          0          0       1440   fz_ws.l
      1500        138        232          0          0        764   m_ws.l

    ----------------------------------------------------------------------
      8668        566        408          0         96       4808   Library Totals

    ----------------------------------------------------------------------

==============================================================================


      Code (inc. data)   RO Data    RW Data    ZI Data      Debug   

     20940       1362        724        184       2032     521343   Grand Totals
     20940       1362        724        184       2032     521343   ELF Image Totals
     20940       1362        724        184          0          0   ROM Totals

==============================================================================

    Total RO  Size (Code + RO Data)                21664 (  21.16kB)
    Total RW  Size (RW Data + ZI Data)              2216 (   2.16kB)
    Total ROM Size (Code + RO Data + RW Data)      21848 (  21.34kB)

==============================================================================

